Archive member included to satisfy reference by file (symbol)

/usr/lib/gcc/arm-none-eabi/9.2.1/../../../arm-none-eabi/lib/thumb/v7-m/nofp/libg_nano.a(lib_a-div.o)
                              CMakeFiles/bootloader.dir/__/__/__/__/__/strhelpers.cpp.o (div)
/usr/lib/gcc/arm-none-eabi/9.2.1/../../../arm-none-eabi/lib/thumb/v7-m/nofp/libg_nano.a(lib_a-init.o)
                              CMakeFiles/bootloader.dir/__/__/__/__/__/thirdparty/STM32F2xx_StdPeriph_Lib_V1.1.0/Libraries/CMSIS/Device/ST/STM32F2xx/Source/Templates/gcc_ride7/startup_stm32f2xx.s.o (__libc_init_array)
/usr/lib/gcc/arm-none-eabi/9.2.1/../../../arm-none-eabi/lib/thumb/v7-m/nofp/libg_nano.a(lib_a-memcmp.o)
                              CMakeFiles/bootloader.dir/__/__/__/__/__/stamp.cpp.o (memcmp)
/usr/lib/gcc/arm-none-eabi/9.2.1/../../../arm-none-eabi/lib/thumb/v7-m/nofp/libg_nano.a(lib_a-memcpy.o)
                              CMakeFiles/bootloader.dir/__/usbd_storage_msd.cpp.o (memcpy)
/usr/lib/gcc/arm-none-eabi/9.2.1/../../../arm-none-eabi/lib/thumb/v7-m/nofp/libg_nano.a(lib_a-memset.o)
                              CMakeFiles/bootloader.dir/__/__/__/__/__/keys.cpp.o (memset)
/usr/lib/gcc/arm-none-eabi/9.2.1/../../../arm-none-eabi/lib/thumb/v7-m/nofp/libg_nano.a(lib_a-strcpy.o)
                              CMakeFiles/bootloader.dir/__/usbd_storage_msd.cpp.o (strcpy)
/usr/lib/gcc/arm-none-eabi/9.2.1/../../../arm-none-eabi/lib/thumb/v7-m/nofp/libg_nano.a(lib_a-strlen-stub.o)
                              CMakeFiles/bootloader.dir/__/usbd_storage_msd.cpp.o (strlen)
/usr/lib/gcc/arm-none-eabi/9.2.1/../../../arm-none-eabi/lib/thumb/v7-m/nofp/libg_nano.a(lib_a-strncmp.o)
                              CMakeFiles/bootloader.dir/__/__/__/__/taranis/bootloader/boot_menu.cpp.o (strncmp)

Allocating common symbols
Common symbol       size              file

MSC_BOT_Data        0x1000            CMakeFiles/bootloader.dir/__/__/__/__/__/thirdparty/STM32_USB-Host-Device_Lib_V2.2.0/Libraries/STM32_USB_Device_Library/Class/msc/src/usbd_msc_bot.c.o
SCSI_blk_nbr        0x4               CMakeFiles/bootloader.dir/__/__/__/__/__/thirdparty/STM32_USB-Host-Device_Lib_V2.2.0/Libraries/STM32_USB_Device_Library/Class/msc/src/usbd_msc_scsi.c.o
SET_TEST_MODE       0x4               CMakeFiles/bootloader.dir/__/__/__/__/__/thirdparty/STM32_USB-Host-Device_Lib_V2.2.0/Libraries/STM32_USB_Device_Library/Core/src/usbd_core.c.o
MSC_BOT_Status      0x1               CMakeFiles/bootloader.dir/__/__/__/__/__/thirdparty/STM32_USB-Host-Device_Lib_V2.2.0/Libraries/STM32_USB_Device_Library/Class/msc/src/usbd_msc_bot.c.o
SCSI_blk_size       0x4               CMakeFiles/bootloader.dir/__/__/__/__/__/thirdparty/STM32_USB-Host-Device_Lib_V2.2.0/Libraries/STM32_USB_Device_Library/Class/msc/src/usbd_msc_scsi.c.o
SCSI_Sense_Head     0x1               CMakeFiles/bootloader.dir/__/__/__/__/__/thirdparty/STM32_USB-Host-Device_Lib_V2.2.0/Libraries/STM32_USB_Device_Library/Class/msc/src/usbd_msc_scsi.c.o
MSC_BOT_cbw         0x20              CMakeFiles/bootloader.dir/__/__/__/__/__/thirdparty/STM32_USB-Host-Device_Lib_V2.2.0/Libraries/STM32_USB_Device_Library/Class/msc/src/usbd_msc_bot.c.o
SCSI_blk_len        0x4               CMakeFiles/bootloader.dir/__/__/__/__/__/thirdparty/STM32_USB-Host-Device_Lib_V2.2.0/Libraries/STM32_USB_Device_Library/Class/msc/src/usbd_msc_scsi.c.o
SCSI_Sense          0x20              CMakeFiles/bootloader.dir/__/__/__/__/__/thirdparty/STM32_USB-Host-Device_Lib_V2.2.0/Libraries/STM32_USB_Device_Library/Class/msc/src/usbd_msc_scsi.c.o
MSC_BOT_csw         0x10              CMakeFiles/bootloader.dir/__/__/__/__/__/thirdparty/STM32_USB-Host-Device_Lib_V2.2.0/Libraries/STM32_USB_Device_Library/Class/msc/src/usbd_msc_bot.c.o
SCSI_blk_addr       0x4               CMakeFiles/bootloader.dir/__/__/__/__/__/thirdparty/STM32_USB-Host-Device_Lib_V2.2.0/Libraries/STM32_USB_Device_Library/Class/msc/src/usbd_msc_scsi.c.o
cdev                0x4               CMakeFiles/bootloader.dir/__/__/__/__/__/thirdparty/STM32_USB-Host-Device_Lib_V2.2.0/Libraries/STM32_USB_Device_Library/Class/msc/src/usbd_msc_scsi.c.o
SCSI_Sense_Tail     0x1               CMakeFiles/bootloader.dir/__/__/__/__/__/thirdparty/STM32_USB-Host-Device_Lib_V2.2.0/Libraries/STM32_USB_Device_Library/Class/msc/src/usbd_msc_scsi.c.o
MSC_BOT_State       0x1               CMakeFiles/bootloader.dir/__/__/__/__/__/thirdparty/STM32_USB-Host-Device_Lib_V2.2.0/Libraries/STM32_USB_Device_Library/Class/msc/src/usbd_msc_bot.c.o
USBD_StrDesc        0x40              CMakeFiles/bootloader.dir/__/usbd_desc.c.o
MSC_BOT_DataLen     0x2               CMakeFiles/bootloader.dir/__/__/__/__/__/thirdparty/STM32_USB-Host-Device_Lib_V2.2.0/Libraries/STM32_USB_Device_Library/Class/msc/src/usbd_msc_bot.c.o

Discarded input sections

 .text          0x0000000000000000        0x0 CMakeFiles/bootloader.dir/__/f2/system_stm32f2xx.c.o
 .data          0x0000000000000000        0x0 CMakeFiles/bootloader.dir/__/f2/system_stm32f2xx.c.o
[...]
Memory Configuration

Name             Origin             Length             Attributes
FLASH            0x0000000008000000 0x0000000000080000 xr
RAM              0x0000000020000000 0x0000000000020000 xrw
MEMORY_B1        0x0000000060000000 0x0000000000000000 xr
*default*        0x0000000000000000 0xffffffffffffffff

Linker script and memory map

LOAD CMakeFiles/bootloader.dir/__/f2/system_stm32f2xx.c.o
LOAD CMakeFiles/bootloader.dir/__/__/__/__/__/thirdparty/STM32F2xx_StdPeriph_Lib_V1.1.0/Libraries/CMSIS/Device/ST/STM32F2xx/Source/Templates/gcc_ride7/startup_stm32f2xx.s.o
LOAD CMakeFiles/bootloader.dir/__/__/__/__/__/thirdparty/STM32F2xx_StdPeriph_Lib_V1.1.0/Libraries/STM32F2xx_StdPeriph_Driver/src/stm32f2xx_rcc.c.o
LOAD CMakeFiles/bootloader.dir/__/__/__/__/__/thirdparty/STM32F2xx_StdPeriph_Lib_V1.1.0/Libraries/STM32F2xx_StdPeriph_Driver/src/stm32f2xx_syscfg.c.o
LOAD CMakeFiles/bootloader.dir/__/__/__/__/__/thirdparty/STM32F2xx_StdPeriph_Lib_V1.1.0/Libraries/STM32F2xx_StdPeriph_Driver/src/stm32f2xx_gpio.c.o
LOAD CMakeFiles/bootloader.dir/__/__/__/__/__/thirdparty/STM32F2xx_StdPeriph_Lib_V1.1.0/Libraries/STM32F2xx_StdPeriph_Driver/src/stm32f2xx_exti.c.o
LOAD CMakeFiles/bootloader.dir/__/__/__/__/__/thirdparty/STM32F2xx_StdPeriph_Lib_V1.1.0/Libraries/STM32F2xx_StdPeriph_Driver/src/stm32f2xx_spi.c.o
LOAD CMakeFiles/bootloader.dir/__/__/__/__/__/thirdparty/STM32F2xx_StdPeriph_Lib_V1.1.0/Libraries/STM32F2xx_StdPeriph_Driver/src/stm32f2xx_i2c.c.o
LOAD CMakeFiles/bootloader.dir/__/__/__/__/__/thirdparty/STM32F2xx_StdPeriph_Lib_V1.1.0/Libraries/STM32F2xx_StdPeriph_Driver/src/misc.c.o
LOAD CMakeFiles/bootloader.dir/__/__/__/__/__/gui/128x64/fonts.cpp.o
LOAD CMakeFiles/bootloader.dir/__/__/__/__/__/keys.cpp.o
LOAD CMakeFiles/bootloader.dir/__/__/__/__/__/strhelpers.cpp.o
LOAD CMakeFiles/bootloader.dir/__/__/__/__/__/stamp.cpp.o
LOAD CMakeFiles/bootloader.dir/__/__/__/__/__/thirdparty/STM32_USB-Host-Device_Lib_V2.2.0/Libraries/STM32_USB_OTG_Driver/src/usb_core.c.o
LOAD CMakeFiles/bootloader.dir/__/__/__/__/__/thirdparty/STM32_USB-Host-Device_Lib_V2.2.0/Libraries/STM32_USB_OTG_Driver/src/usb_dcd.c.o
LOAD CMakeFiles/bootloader.dir/__/__/__/__/__/thirdparty/STM32_USB-Host-Device_Lib_V2.2.0/Libraries/STM32_USB_OTG_Driver/src/usb_dcd_int.c.o
LOAD CMakeFiles/bootloader.dir/__/__/__/__/__/thirdparty/STM32_USB-Host-Device_Lib_V2.2.0/Libraries/STM32_USB_Device_Library/Core/src/usbd_core.c.o
LOAD CMakeFiles/bootloader.dir/__/__/__/__/__/thirdparty/STM32_USB-Host-Device_Lib_V2.2.0/Libraries/STM32_USB_Device_Library/Core/src/usbd_ioreq.c.o
LOAD CMakeFiles/bootloader.dir/__/__/__/__/__/thirdparty/STM32_USB-Host-Device_Lib_V2.2.0/Libraries/STM32_USB_Device_Library/Core/src/usbd_req.c.o
LOAD CMakeFiles/bootloader.dir/__/__/__/__/__/thirdparty/STM32_USB-Host-Device_Lib_V2.2.0/Libraries/STM32_USB_Device_Library/Class/msc/src/usbd_msc_data.c.o
LOAD CMakeFiles/bootloader.dir/__/__/__/__/__/thirdparty/STM32_USB-Host-Device_Lib_V2.2.0/Libraries/STM32_USB_Device_Library/Class/msc/src/usbd_msc_scsi.c.o
LOAD CMakeFiles/bootloader.dir/__/__/__/__/__/thirdparty/STM32_USB-Host-Device_Lib_V2.2.0/Libraries/STM32_USB_Device_Library/Class/msc/src/usbd_msc_bot.c.o
LOAD CMakeFiles/bootloader.dir/__/__/__/__/__/thirdparty/STM32_USB-Host-Device_Lib_V2.2.0/Libraries/STM32_USB_Device_Library/Class/msc/src/usbd_msc_core.c.o
LOAD CMakeFiles/bootloader.dir/__/__/__/__/__/thirdparty/FatFs/ff.c.o
LOAD CMakeFiles/bootloader.dir/__/__/__/__/__/thirdparty/FatFs/option/ccsbcs.c.o
LOAD CMakeFiles/bootloader.dir/__/__/__/__/taranis/lcd_driver_spi.cpp.o
LOAD CMakeFiles/bootloader.dir/__/__/__/__/taranis/backlight_driver.cpp.o
LOAD CMakeFiles/bootloader.dir/__/__/__/__/taranis/keys_driver.cpp.o
LOAD CMakeFiles/bootloader.dir/__/__/__/__/taranis/diskio.cpp.o
LOAD CMakeFiles/bootloader.dir/__/__/__/__/taranis/board.cpp.o
LOAD CMakeFiles/bootloader.dir/__/pwr_driver.cpp.o
LOAD CMakeFiles/bootloader.dir/__/__/__/__/taranis/bootloader/boot_menu.cpp.o
LOAD CMakeFiles/bootloader.dir/__/usbd_usr.cpp.o
LOAD CMakeFiles/bootloader.dir/__/usbd_storage_msd.cpp.o
LOAD CMakeFiles/bootloader.dir/__/delays.cpp.o
LOAD CMakeFiles/bootloader.dir/__/usbd_desc.c.o
LOAD CMakeFiles/bootloader.dir/__/usb_bsp.c.o
LOAD CMakeFiles/bootloader.dir/__/usb_driver.cpp.o
LOAD CMakeFiles/bootloader.dir/__/flash_driver.cpp.o
LOAD CMakeFiles/bootloader.dir/init.c.o
LOAD CMakeFiles/bootloader.dir/boot.cpp.o
LOAD CMakeFiles/bootloader.dir/bin_files.cpp.o
LOAD CMakeFiles/bootloader.dir/__/__/__/__/__/gui/common/stdlcd/lcd_1bit.cpp.o
LOAD CMakeFiles/bootloader.dir/__/rotary_encoder_driver.cpp.o
LOAD CMakeFiles/bootloader.dir/__/bluetooth_driver.cpp.o
LOAD CMakeFiles/bootloader.dir/__/__/__/__/taranis/i2c_driver.cpp.o
LOAD /usr/lib/gcc/arm-none-eabi/9.2.1/../../../arm-none-eabi/lib/thumb/v7-m/nofp/libstdc++_nano.a
LOAD /usr/lib/gcc/arm-none-eabi/9.2.1/../../../arm-none-eabi/lib/thumb/v7-m/nofp/libm.a
START GROUP
LOAD /usr/lib/gcc/arm-none-eabi/9.2.1/thumb/v7-m/nofp/libgcc.a
LOAD /usr/lib/gcc/arm-none-eabi/9.2.1/../../../arm-none-eabi/lib/thumb/v7-m/nofp/libg_nano.a
LOAD /usr/lib/gcc/arm-none-eabi/9.2.1/../../../arm-none-eabi/lib/thumb/v7-m/nofp/libc_nano.a
END GROUP
START GROUP
LOAD /usr/lib/gcc/arm-none-eabi/9.2.1/thumb/v7-m/nofp/libgcc.a
LOAD /usr/lib/gcc/arm-none-eabi/9.2.1/../../../arm-none-eabi/lib/thumb/v7-m/nofp/libc_nano.a
END GROUP
                0x0000000020020000                _estack = 0x20020000
                0x0000000000000000                _Min_Heap_Size = 0x0
                0x0000000000000400                _Main_Stack_Size = 0x400
                0x000000002001fc00                _main_stack_start = (_estack - _Main_Stack_Size)

.text           0x0000000008000000     0x72e8
                0x0000000008000000                . = ALIGN (0x4)
 *(.isr_vector)
 .isr_vector    0x0000000008000000      0x184 CMakeFiles/bootloader.dir/__/__/__/__/__/thirdparty/STM32F2xx_StdPeriph_Lib_V1.1.0/Libraries/CMSIS/Device/ST/STM32F2xx/Source/Templates/gcc_ride7/startup_stm32f2xx.s.o
                0x0000000008000000                g_pfnVectors
 *(.version)
 .version       0x0000000008000184        0x6 CMakeFiles/bootloader.dir/boot.cpp.o
 *(.bootversiondata)
 .bootversiondata
                0x000000000800018a       0x1c CMakeFiles/bootloader.dir/__/__/__/__/__/stamp.cpp.o
                0x00000000080001a8                . = ALIGN (0x4)
 *fill*         0x00000000080001a6        0x2 
 *(.text)
 .text          0x00000000080001a8       0x48 /usr/lib/gcc/arm-none-eabi/9.2.1/../../../arm-none-eabi/lib/thumb/v7-m/nofp/libg_nano.a(lib_a-init.o)
                0x00000000080001a8                __libc_init_array
 .text          0x00000000080001f0       0x60 /usr/lib/gcc/arm-none-eabi/9.2.1/../../../arm-none-eabi/lib/thumb/v7-m/nofp/libg_nano.a(lib_a-memcmp.o)
                0x00000000080001f0                memcmp
 .text          0x0000000008000250       0xec /usr/lib/gcc/arm-none-eabi/9.2.1/../../../arm-none-eabi/lib/thumb/v7-m/nofp/libg_nano.a(lib_a-memcpy.o)
                0x0000000008000250                memcpy
 .text          0x000000000800033c       0xa0 /usr/lib/gcc/arm-none-eabi/9.2.1/../../../arm-none-eabi/lib/thumb/v7-m/nofp/libg_nano.a(lib_a-memset.o)
                0x000000000800033c                memset
 .text          0x00000000080003dc       0xbc /usr/lib/gcc/arm-none-eabi/9.2.1/../../../arm-none-eabi/lib/thumb/v7-m/nofp/libg_nano.a(lib_a-strcpy.o)
                0x00000000080003dc                strcpy
 .text          0x0000000008000498       0x5c /usr/lib/gcc/arm-none-eabi/9.2.1/../../../arm-none-eabi/lib/thumb/v7-m/nofp/libg_nano.a(lib_a-strlen-stub.o)
                0x0000000008000498                strlen
 .text          0x00000000080004f4       0xa0 /usr/lib/gcc/arm-none-eabi/9.2.1/../../../arm-none-eabi/lib/thumb/v7-m/nofp/libg_nano.a(lib_a-strncmp.o)
                0x00000000080004f4                strncmp
 *(.text*)
 .text.SystemInit
                0x0000000008000594       0xd4 CMakeFiles/bootloader.dir/__/f2/system_stm32f2xx.c.o
                0x0000000008000594                SystemInit
 .text.Reset_Handler
                0x0000000008000668       0x64 CMakeFiles/bootloader.dir/__/__/__/__/__/thirdparty/STM32F2xx_StdPeriph_Lib_V1.1.0/Libraries/CMSIS/Device/ST/STM32F2xx/Source/Templates/gcc_ride7/startup_stm32f2xx.s.o
                0x0000000008000668                Reset_Handler
 .text.Default_Handler
                0x00000000080006cc        0x2 CMakeFiles/bootloader.dir/__/__/__/__/__/thirdparty/STM32F2xx_StdPeriph_Lib_V1.1.0/Libraries/CMSIS/Device/ST/STM32F2xx/Source/Templates/gcc_ride7/startup_stm32f2xx.s.o
                0x00000000080006cc                RTC_Alarm_IRQHandler
                0x00000000080006cc                HASH_RNG_IRQHandler
                0x00000000080006cc                EXTI2_IRQHandler
                0x00000000080006cc                TIM8_CC_IRQHandler
                0x00000000080006cc                DebugMon_Handler
                0x00000000080006cc                TIM1_CC_IRQHandler
                0x00000000080006cc                DMA2_Stream5_IRQHandler
                0x00000000080006cc                HardFault_Handler
                0x00000000080006cc                DMA1_Stream5_IRQHandler
                0x00000000080006cc                SysTick_Handler
                0x00000000080006cc                PVD_IRQHandler
                0x00000000080006cc                SDIO_IRQHandler
                0x00000000080006cc                TAMP_STAMP_IRQHandler
                0x00000000080006cc                PendSV_Handler
                0x00000000080006cc                NMI_Handler
                0x00000000080006cc                CAN2_RX1_IRQHandler
                0x00000000080006cc                EXTI3_IRQHandler
                0x00000000080006cc                TIM1_UP_TIM10_IRQHandler
                0x00000000080006cc                TIM8_UP_TIM13_IRQHandler
                0x00000000080006cc                I2C3_ER_IRQHandler
                0x00000000080006cc                EXTI0_IRQHandler
                0x00000000080006cc                I2C2_EV_IRQHandler
                0x00000000080006cc                DMA1_Stream2_IRQHandler
                0x00000000080006cc                CAN1_RX0_IRQHandler
                0x00000000080006cc                OTG_HS_WKUP_IRQHandler
                0x00000000080006cc                UsageFault_Handler
                0x00000000080006cc                CAN2_SCE_IRQHandler
                0x00000000080006cc                DMA2_Stream2_IRQHandler
                0x00000000080006cc                SPI1_IRQHandler
                0x00000000080006cc                TIM6_DAC_IRQHandler
                0x00000000080006cc                TIM1_BRK_TIM9_IRQHandler
                0x00000000080006cc                DCMI_IRQHandler
                0x00000000080006cc                CAN2_RX0_IRQHandler
                0x00000000080006cc                DMA2_Stream3_IRQHandler
                0x00000000080006cc                USART6_IRQHandler
                0x00000000080006cc                USART3_IRQHandler
                0x00000000080006cc                CRYP_IRQHandler
                0x00000000080006cc                CAN1_RX1_IRQHandler
                0x00000000080006cc                UART5_IRQHandler
                0x00000000080006cc                DMA2_Stream0_IRQHandler
                0x00000000080006cc                TIM4_IRQHandler
                0x00000000080006cc                I2C1_EV_IRQHandler
                0x00000000080006cc                DMA1_Stream6_IRQHandler
                0x00000000080006cc                DMA1_Stream1_IRQHandler
                0x00000000080006cc                UART4_IRQHandler
                0x00000000080006cc                TIM3_IRQHandler
                0x00000000080006cc                RCC_IRQHandler
                0x00000000080006cc                TIM8_BRK_TIM12_IRQHandler
                0x00000000080006cc                Default_Handler
                0x00000000080006cc                ADC_IRQHandler
                0x00000000080006cc                TIM7_IRQHandler
                0x00000000080006cc                CAN2_TX_IRQHandler
                0x00000000080006cc                DMA2_Stream7_IRQHandler
                0x00000000080006cc                I2C3_EV_IRQHandler
                0x00000000080006cc                RTC_WKUP_IRQHandler
                0x00000000080006cc                ETH_WKUP_IRQHandler
                0x00000000080006cc                SPI2_IRQHandler
                0x00000000080006cc                OTG_HS_EP1_IN_IRQHandler
                0x00000000080006cc                MemManage_Handler
                0x00000000080006cc                DMA1_Stream0_IRQHandler
                0x00000000080006cc                CAN1_TX_IRQHandler
                0x00000000080006cc                SVC_Handler
                0x00000000080006cc                EXTI4_IRQHandler
                0x00000000080006cc                FSMC_IRQHandler
                0x00000000080006cc                ETH_IRQHandler
                0x00000000080006cc                OTG_HS_EP1_OUT_IRQHandler
                0x00000000080006cc                WWDG_IRQHandler
                0x00000000080006cc                TIM2_IRQHandler
                0x00000000080006cc                OTG_FS_WKUP_IRQHandler
                0x00000000080006cc                TIM1_TRG_COM_TIM11_IRQHandler
                0x00000000080006cc                OTG_HS_IRQHandler
                0x00000000080006cc                EXTI1_IRQHandler
                0x00000000080006cc                USART2_IRQHandler
                0x00000000080006cc                I2C2_ER_IRQHandler
                0x00000000080006cc                DMA2_Stream1_IRQHandler
                0x00000000080006cc                CAN1_SCE_IRQHandler
                0x00000000080006cc                FLASH_IRQHandler
                0x00000000080006cc                DMA2_Stream4_IRQHandler
                0x00000000080006cc                BusFault_Handler
                0x00000000080006cc                USART1_IRQHandler
                0x00000000080006cc                SPI3_IRQHandler
                0x00000000080006cc                DMA1_Stream4_IRQHandler
                0x00000000080006cc                I2C1_ER_IRQHandler
                0x00000000080006cc                DMA2_Stream6_IRQHandler
                0x00000000080006cc                DMA1_Stream3_IRQHandler
 *fill*         0x00000000080006ce        0x2 
 .text.RCC_GetClocksFreq
                0x00000000080006d0       0x88 CMakeFiles/bootloader.dir/__/__/__/__/__/thirdparty/STM32F2xx_StdPeriph_Lib_V1.1.0/Libraries/STM32F2xx_StdPeriph_Driver/src/stm32f2xx_rcc.c.o
                0x00000000080006d0                RCC_GetClocksFreq
 .text.RCC_AHB1PeriphClockCmd
                0x0000000008000758       0x18 CMakeFiles/bootloader.dir/__/__/__/__/__/thirdparty/STM32F2xx_StdPeriph_Lib_V1.1.0/Libraries/STM32F2xx_StdPeriph_Driver/src/stm32f2xx_rcc.c.o
                0x0000000008000758                RCC_AHB1PeriphClockCmd
 .text.RCC_AHB2PeriphClockCmd
                0x0000000008000770       0x18 CMakeFiles/bootloader.dir/__/__/__/__/__/thirdparty/STM32F2xx_StdPeriph_Lib_V1.1.0/Libraries/STM32F2xx_StdPeriph_Driver/src/stm32f2xx_rcc.c.o
                0x0000000008000770                RCC_AHB2PeriphClockCmd
 .text.RCC_APB1PeriphClockCmd
                0x0000000008000788       0x18 CMakeFiles/bootloader.dir/__/__/__/__/__/thirdparty/STM32F2xx_StdPeriph_Lib_V1.1.0/Libraries/STM32F2xx_StdPeriph_Driver/src/stm32f2xx_rcc.c.o
                0x0000000008000788                RCC_APB1PeriphClockCmd
 .text.RCC_APB2PeriphClockCmd
                0x00000000080007a0       0x18 CMakeFiles/bootloader.dir/__/__/__/__/__/thirdparty/STM32F2xx_StdPeriph_Lib_V1.1.0/Libraries/STM32F2xx_StdPeriph_Driver/src/stm32f2xx_rcc.c.o
                0x00000000080007a0                RCC_APB2PeriphClockCmd
 .text.RCC_APB1PeriphResetCmd
                0x00000000080007b8       0x18 CMakeFiles/bootloader.dir/__/__/__/__/__/thirdparty/STM32F2xx_StdPeriph_Lib_V1.1.0/Libraries/STM32F2xx_StdPeriph_Driver/src/stm32f2xx_rcc.c.o
                0x00000000080007b8                RCC_APB1PeriphResetCmd
 .text.RCC_APB2PeriphResetCmd
                0x00000000080007d0       0x18 CMakeFiles/bootloader.dir/__/__/__/__/__/thirdparty/STM32F2xx_StdPeriph_Lib_V1.1.0/Libraries/STM32F2xx_StdPeriph_Driver/src/stm32f2xx_rcc.c.o
                0x00000000080007d0                RCC_APB2PeriphResetCmd
 .text.SYSCFG_EXTILineConfig
                0x00000000080007e8       0x2a CMakeFiles/bootloader.dir/__/__/__/__/__/thirdparty/STM32F2xx_StdPeriph_Lib_V1.1.0/Libraries/STM32F2xx_StdPeriph_Driver/src/stm32f2xx_syscfg.c.o
                0x00000000080007e8                SYSCFG_EXTILineConfig
 .text.GPIO_Init
                0x0000000008000812       0x84 CMakeFiles/bootloader.dir/__/__/__/__/__/thirdparty/STM32F2xx_StdPeriph_Lib_V1.1.0/Libraries/STM32F2xx_StdPeriph_Driver/src/stm32f2xx_gpio.c.o
                0x0000000008000812                GPIO_Init
 .text.GPIO_ReadInputDataBit
                0x0000000008000896        0xc CMakeFiles/bootloader.dir/__/__/__/__/__/thirdparty/STM32F2xx_StdPeriph_Lib_V1.1.0/Libraries/STM32F2xx_StdPeriph_Driver/src/stm32f2xx_gpio.c.o
                0x0000000008000896                GPIO_ReadInputDataBit
 .text.GPIO_SetBits
                0x00000000080008a2        0x4 CMakeFiles/bootloader.dir/__/__/__/__/__/thirdparty/STM32F2xx_StdPeriph_Lib_V1.1.0/Libraries/STM32F2xx_StdPeriph_Driver/src/stm32f2xx_gpio.c.o
                0x00000000080008a2                GPIO_SetBits
 .text.GPIO_ResetBits
                0x00000000080008a6        0x4 CMakeFiles/bootloader.dir/__/__/__/__/__/thirdparty/STM32F2xx_StdPeriph_Lib_V1.1.0/Libraries/STM32F2xx_StdPeriph_Driver/src/stm32f2xx_gpio.c.o
                0x00000000080008a6                GPIO_ResetBits
 .text.GPIO_PinAFConfig
                0x00000000080008aa       0x24 CMakeFiles/bootloader.dir/__/__/__/__/__/thirdparty/STM32F2xx_StdPeriph_Lib_V1.1.0/Libraries/STM32F2xx_StdPeriph_Driver/src/stm32f2xx_gpio.c.o
                0x00000000080008aa                GPIO_PinAFConfig
 *fill*         0x00000000080008ce        0x2 
 .text.EXTI_Init
                0x00000000080008d0       0x6c CMakeFiles/bootloader.dir/__/__/__/__/__/thirdparty/STM32F2xx_StdPeriph_Lib_V1.1.0/Libraries/STM32F2xx_StdPeriph_Driver/src/stm32f2xx_exti.c.o
                0x00000000080008d0                EXTI_Init
 .text.EXTI_StructInit
                0x000000000800093c        0xe CMakeFiles/bootloader.dir/__/__/__/__/__/thirdparty/STM32F2xx_StdPeriph_Lib_V1.1.0/Libraries/STM32F2xx_StdPeriph_Driver/src/stm32f2xx_exti.c.o
                0x000000000800093c                EXTI_StructInit
 *fill*         0x000000000800094a        0x2 
 .text.EXTI_GetITStatus
                0x000000000800094c       0x1c CMakeFiles/bootloader.dir/__/__/__/__/__/thirdparty/STM32F2xx_StdPeriph_Lib_V1.1.0/Libraries/STM32F2xx_StdPeriph_Driver/src/stm32f2xx_exti.c.o
                0x000000000800094c                EXTI_GetITStatus
 .text.EXTI_ClearITPendingBit
                0x0000000008000968        0xc CMakeFiles/bootloader.dir/__/__/__/__/__/thirdparty/STM32F2xx_StdPeriph_Lib_V1.1.0/Libraries/STM32F2xx_StdPeriph_Driver/src/stm32f2xx_exti.c.o
                0x0000000008000968                EXTI_ClearITPendingBit
 .text.SPI_I2S_DeInit
                0x0000000008000974       0x64 CMakeFiles/bootloader.dir/__/__/__/__/__/thirdparty/STM32F2xx_StdPeriph_Lib_V1.1.0/Libraries/STM32F2xx_StdPeriph_Driver/src/stm32f2xx_spi.c.o
                0x0000000008000974                SPI_I2S_DeInit
 .text.SPI_Init
                0x00000000080009d8       0x3e CMakeFiles/bootloader.dir/__/__/__/__/__/thirdparty/STM32F2xx_StdPeriph_Lib_V1.1.0/Libraries/STM32F2xx_StdPeriph_Driver/src/stm32f2xx_spi.c.o
                0x00000000080009d8                SPI_Init
 .text.SPI_Cmd  0x0000000008000a16       0x18 CMakeFiles/bootloader.dir/__/__/__/__/__/thirdparty/STM32F2xx_StdPeriph_Lib_V1.1.0/Libraries/STM32F2xx_StdPeriph_Driver/src/stm32f2xx_spi.c.o
                0x0000000008000a16                SPI_Cmd
 .text.SPI_I2S_ReceiveData
                0x0000000008000a2e        0x6 CMakeFiles/bootloader.dir/__/__/__/__/__/thirdparty/STM32F2xx_StdPeriph_Lib_V1.1.0/Libraries/STM32F2xx_StdPeriph_Driver/src/stm32f2xx_spi.c.o
                0x0000000008000a2e                SPI_I2S_ReceiveData
 .text.SPI_I2S_SendData
                0x0000000008000a34        0x4 CMakeFiles/bootloader.dir/__/__/__/__/__/thirdparty/STM32F2xx_StdPeriph_Lib_V1.1.0/Libraries/STM32F2xx_StdPeriph_Driver/src/stm32f2xx_spi.c.o
                0x0000000008000a34                SPI_I2S_SendData
 .text.SPI_CalculateCRC
                0x0000000008000a38       0x18 CMakeFiles/bootloader.dir/__/__/__/__/__/thirdparty/STM32F2xx_StdPeriph_Lib_V1.1.0/Libraries/STM32F2xx_StdPeriph_Driver/src/stm32f2xx_spi.c.o
                0x0000000008000a38                SPI_CalculateCRC
 .text.SPI_I2S_GetFlagStatus
                0x0000000008000a50        0xc CMakeFiles/bootloader.dir/__/__/__/__/__/thirdparty/STM32F2xx_StdPeriph_Lib_V1.1.0/Libraries/STM32F2xx_StdPeriph_Driver/src/stm32f2xx_spi.c.o
                0x0000000008000a50                SPI_I2S_GetFlagStatus
 .text.I2C_DeInit
                0x0000000008000a5c       0x60 CMakeFiles/bootloader.dir/__/__/__/__/__/thirdparty/STM32F2xx_StdPeriph_Lib_V1.1.0/Libraries/STM32F2xx_StdPeriph_Driver/src/stm32f2xx_i2c.c.o
                0x0000000008000a5c                I2C_DeInit
 .text.I2C_Init
                0x0000000008000abc       0xd0 CMakeFiles/bootloader.dir/__/__/__/__/__/thirdparty/STM32F2xx_StdPeriph_Lib_V1.1.0/Libraries/STM32F2xx_StdPeriph_Driver/src/stm32f2xx_i2c.c.o
                0x0000000008000abc                I2C_Init
 .text.I2C_Cmd  0x0000000008000b8c       0x18 CMakeFiles/bootloader.dir/__/__/__/__/__/thirdparty/STM32F2xx_StdPeriph_Lib_V1.1.0/Libraries/STM32F2xx_StdPeriph_Driver/src/stm32f2xx_i2c.c.o
                0x0000000008000b8c                I2C_Cmd
 .text.I2C_GenerateSTART
                0x0000000008000ba4       0x18 CMakeFiles/bootloader.dir/__/__/__/__/__/thirdparty/STM32F2xx_StdPeriph_Lib_V1.1.0/Libraries/STM32F2xx_StdPeriph_Driver/src/stm32f2xx_i2c.c.o
                0x0000000008000ba4                I2C_GenerateSTART
 .text.I2C_GenerateSTOP
                0x0000000008000bbc       0x18 CMakeFiles/bootloader.dir/__/__/__/__/__/thirdparty/STM32F2xx_StdPeriph_Lib_V1.1.0/Libraries/STM32F2xx_StdPeriph_Driver/src/stm32f2xx_i2c.c.o
                0x0000000008000bbc                I2C_GenerateSTOP
 .text.I2C_Send7bitAddress
                0x0000000008000bd4       0x12 CMakeFiles/bootloader.dir/__/__/__/__/__/thirdparty/STM32F2xx_StdPeriph_Lib_V1.1.0/Libraries/STM32F2xx_StdPeriph_Driver/src/stm32f2xx_i2c.c.o
                0x0000000008000bd4                I2C_Send7bitAddress
 .text.I2C_AcknowledgeConfig
                0x0000000008000be6       0x18 CMakeFiles/bootloader.dir/__/__/__/__/__/thirdparty/STM32F2xx_StdPeriph_Lib_V1.1.0/Libraries/STM32F2xx_StdPeriph_Driver/src/stm32f2xx_i2c.c.o
                0x0000000008000be6                I2C_AcknowledgeConfig
 .text.I2C_SendData
                0x0000000008000bfe        0x4 CMakeFiles/bootloader.dir/__/__/__/__/__/thirdparty/STM32F2xx_StdPeriph_Lib_V1.1.0/Libraries/STM32F2xx_StdPeriph_Driver/src/stm32f2xx_i2c.c.o
                0x0000000008000bfe                I2C_SendData
 .text.I2C_ReceiveData
                0x0000000008000c02        0x6 CMakeFiles/bootloader.dir/__/__/__/__/__/thirdparty/STM32F2xx_StdPeriph_Lib_V1.1.0/Libraries/STM32F2xx_StdPeriph_Driver/src/stm32f2xx_i2c.c.o
                0x0000000008000c02                I2C_ReceiveData
 .text.I2C_CheckEvent
                0x0000000008000c08       0x18 CMakeFiles/bootloader.dir/__/__/__/__/__/thirdparty/STM32F2xx_StdPeriph_Lib_V1.1.0/Libraries/STM32F2xx_StdPeriph_Driver/src/stm32f2xx_i2c.c.o
                0x0000000008000c08                I2C_CheckEvent
 .text.NVIC_Init
                0x0000000008000c20       0x58 CMakeFiles/bootloader.dir/__/__/__/__/__/thirdparty/STM32F2xx_StdPeriph_Lib_V1.1.0/Libraries/STM32F2xx_StdPeriph_Driver/src/misc.c.o
                0x0000000008000c20                NVIC_Init
 .text._Z8getEventb
                0x0000000008000c78       0x28 CMakeFiles/bootloader.dir/__/__/__/__/__/keys.cpp.o
                0x0000000008000c78                getEvent(bool)
 .text._ZN3Key5inputEb
                0x0000000008000ca0       0xf0 CMakeFiles/bootloader.dir/__/__/__/__/__/keys.cpp.o
                0x0000000008000ca0                Key::input(bool)
 .text._Z9strAppendPcPKci
                0x0000000008000d90       0x20 CMakeFiles/bootloader.dir/__/__/__/__/__/strhelpers.cpp.o
                0x0000000008000d90                strAppend(char*, char const*, int)
 .text._Z18getFirmwareVersionPKc
                0x0000000008000db0       0x38 CMakeFiles/bootloader.dir/__/__/__/__/__/stamp.cpp.o
                0x0000000008000db0                getFirmwareVersion(char const*)
 .text.USB_OTG_CoreReset.isra.0
                0x0000000008000de8       0x4c CMakeFiles/bootloader.dir/__/__/__/__/__/thirdparty/STM32_USB-Host-Device_Lib_V2.2.0/Libraries/STM32_USB_OTG_Driver/src/usb_core.c.o
 .text.USB_OTG_WritePacket
                0x0000000008000e34       0x28 CMakeFiles/bootloader.dir/__/__/__/__/__/thirdparty/STM32_USB-Host-Device_Lib_V2.2.0/Libraries/STM32_USB_OTG_Driver/src/usb_core.c.o
                0x0000000008000e34                USB_OTG_WritePacket
 .text.USB_OTG_ReadPacket
                0x0000000008000e5c       0x20 CMakeFiles/bootloader.dir/__/__/__/__/__/thirdparty/STM32_USB-Host-Device_Lib_V2.2.0/Libraries/STM32_USB_OTG_Driver/src/usb_core.c.o
                0x0000000008000e5c                USB_OTG_ReadPacket
 .text.USB_OTG_SelectCore
                0x0000000008000e7c       0xb8 CMakeFiles/bootloader.dir/__/__/__/__/__/thirdparty/STM32_USB-Host-Device_Lib_V2.2.0/Libraries/STM32_USB_OTG_Driver/src/usb_core.c.o
                0x0000000008000e7c                USB_OTG_SelectCore
 .text.USB_OTG_CoreInit
                0x0000000008000f34       0x84 CMakeFiles/bootloader.dir/__/__/__/__/__/thirdparty/STM32_USB-Host-Device_Lib_V2.2.0/Libraries/STM32_USB_OTG_Driver/src/usb_core.c.o
                0x0000000008000f34                USB_OTG_CoreInit
 .text.USB_OTG_EnableGlobalInt
                0x0000000008000fb8        0xe CMakeFiles/bootloader.dir/__/__/__/__/__/thirdparty/STM32_USB-Host-Device_Lib_V2.2.0/Libraries/STM32_USB_OTG_Driver/src/usb_core.c.o
                0x0000000008000fb8                USB_OTG_EnableGlobalInt
 .text.USB_OTG_DisableGlobalInt
                0x0000000008000fc6        0xe CMakeFiles/bootloader.dir/__/__/__/__/__/thirdparty/STM32_USB-Host-Device_Lib_V2.2.0/Libraries/STM32_USB_OTG_Driver/src/usb_core.c.o
                0x0000000008000fc6                USB_OTG_DisableGlobalInt
 .text.USB_OTG_FlushTxFifo
                0x0000000008000fd4       0x40 CMakeFiles/bootloader.dir/__/__/__/__/__/thirdparty/STM32_USB-Host-Device_Lib_V2.2.0/Libraries/STM32_USB_OTG_Driver/src/usb_core.c.o
                0x0000000008000fd4                USB_OTG_FlushTxFifo
 .text.USB_OTG_FlushRxFifo
                0x0000000008001014       0x38 CMakeFiles/bootloader.dir/__/__/__/__/__/thirdparty/STM32_USB-Host-Device_Lib_V2.2.0/Libraries/STM32_USB_OTG_Driver/src/usb_core.c.o
                0x0000000008001014                USB_OTG_FlushRxFifo
 .text.USB_OTG_SetCurrentMode
                0x000000000800104c       0x30 CMakeFiles/bootloader.dir/__/__/__/__/__/thirdparty/STM32_USB-Host-Device_Lib_V2.2.0/Libraries/STM32_USB_OTG_Driver/src/usb_core.c.o
                0x000000000800104c                USB_OTG_SetCurrentMode
 .text.USB_OTG_IsDeviceMode
                0x000000000800107c        0xc CMakeFiles/bootloader.dir/__/__/__/__/__/thirdparty/STM32_USB-Host-Device_Lib_V2.2.0/Libraries/STM32_USB_OTG_Driver/src/usb_core.c.o
                0x000000000800107c                USB_OTG_IsDeviceMode
 .text.USB_OTG_ReadCoreItr
                0x0000000008001088        0xa CMakeFiles/bootloader.dir/__/__/__/__/__/thirdparty/STM32_USB-Host-Device_Lib_V2.2.0/Libraries/STM32_USB_OTG_Driver/src/usb_core.c.o
                0x0000000008001088                USB_OTG_ReadCoreItr
 .text.USB_OTG_InitDevSpeed
                0x0000000008001092        0xc CMakeFiles/bootloader.dir/__/__/__/__/__/thirdparty/STM32_USB-Host-Device_Lib_V2.2.0/Libraries/STM32_USB_OTG_Driver/src/usb_core.c.o
                0x0000000008001092                USB_OTG_InitDevSpeed
 *fill*         0x000000000800109e        0x2 
 .text.USB_OTG_EnableDevInt
                0x00000000080010a0       0x38 CMakeFiles/bootloader.dir/__/__/__/__/__/thirdparty/STM32_USB-Host-Device_Lib_V2.2.0/Libraries/STM32_USB_OTG_Driver/src/usb_core.c.o
                0x00000000080010a0                USB_OTG_EnableDevInt
 .text.USB_OTG_CoreInitDev
                0x00000000080010d8       0xd0 CMakeFiles/bootloader.dir/__/__/__/__/__/thirdparty/STM32_USB-Host-Device_Lib_V2.2.0/Libraries/STM32_USB_OTG_Driver/src/usb_core.c.o
                0x00000000080010d8                USB_OTG_CoreInitDev
 .text.USB_OTG_GetDeviceSpeed
                0x00000000080011a8       0x14 CMakeFiles/bootloader.dir/__/__/__/__/__/thirdparty/STM32_USB-Host-Device_Lib_V2.2.0/Libraries/STM32_USB_OTG_Driver/src/usb_core.c.o
                0x00000000080011a8                USB_OTG_GetDeviceSpeed
 .text.USB_OTG_EP0Activate
                0x00000000080011bc       0x28 CMakeFiles/bootloader.dir/__/__/__/__/__/thirdparty/STM32_USB-Host-Device_Lib_V2.2.0/Libraries/STM32_USB_OTG_Driver/src/usb_core.c.o
                0x00000000080011bc                USB_OTG_EP0Activate
 .text.USB_OTG_EPActivate
                0x00000000080011e4       0x68 CMakeFiles/bootloader.dir/__/__/__/__/__/thirdparty/STM32_USB-Host-Device_Lib_V2.2.0/Libraries/STM32_USB_OTG_Driver/src/usb_core.c.o
                0x00000000080011e4                USB_OTG_EPActivate
 .text.USB_OTG_EPDeactivate
                0x000000000800124c       0x3a CMakeFiles/bootloader.dir/__/__/__/__/__/thirdparty/STM32_USB-Host-Device_Lib_V2.2.0/Libraries/STM32_USB_OTG_Driver/src/usb_core.c.o
                0x000000000800124c                USB_OTG_EPDeactivate
 *fill*         0x0000000008001286        0x2 
 .text.USB_OTG_EPStartXfer
                0x0000000008001288      0x114 CMakeFiles/bootloader.dir/__/__/__/__/__/thirdparty/STM32_USB-Host-Device_Lib_V2.2.0/Libraries/STM32_USB_OTG_Driver/src/usb_core.c.o
                0x0000000008001288                USB_OTG_EPStartXfer
 .text.USB_OTG_EP0StartXfer
                0x000000000800139c       0xa6 CMakeFiles/bootloader.dir/__/__/__/__/__/thirdparty/STM32_USB-Host-Device_Lib_V2.2.0/Libraries/STM32_USB_OTG_Driver/src/usb_core.c.o
                0x000000000800139c                USB_OTG_EP0StartXfer
 .text.USB_OTG_EPSetStall
                0x0000000008001442       0x28 CMakeFiles/bootloader.dir/__/__/__/__/__/thirdparty/STM32_USB-Host-Device_Lib_V2.2.0/Libraries/STM32_USB_OTG_Driver/src/usb_core.c.o
                0x0000000008001442                USB_OTG_EPSetStall
 .text.USB_OTG_EPClearStall
                0x000000000800146a       0x28 CMakeFiles/bootloader.dir/__/__/__/__/__/thirdparty/STM32_USB-Host-Device_Lib_V2.2.0/Libraries/STM32_USB_OTG_Driver/src/usb_core.c.o
                0x000000000800146a                USB_OTG_EPClearStall
 .text.USB_OTG_ReadDevAllOutEp_itr
                0x0000000008001492        0xc CMakeFiles/bootloader.dir/__/__/__/__/__/thirdparty/STM32_USB-Host-Device_Lib_V2.2.0/Libraries/STM32_USB_OTG_Driver/src/usb_core.c.o
                0x0000000008001492                USB_OTG_ReadDevAllOutEp_itr
 .text.USB_OTG_ReadDevOutEP_itr
                0x000000000800149e       0x10 CMakeFiles/bootloader.dir/__/__/__/__/__/thirdparty/STM32_USB-Host-Device_Lib_V2.2.0/Libraries/STM32_USB_OTG_Driver/src/usb_core.c.o
                0x000000000800149e                USB_OTG_ReadDevOutEP_itr
 .text.USB_OTG_ReadDevAllInEPItr
                0x00000000080014ae        0xc CMakeFiles/bootloader.dir/__/__/__/__/__/thirdparty/STM32_USB-Host-Device_Lib_V2.2.0/Libraries/STM32_USB_OTG_Driver/src/usb_core.c.o
                0x00000000080014ae                USB_OTG_ReadDevAllInEPItr
 *fill*         0x00000000080014ba        0x2 
 .text.USB_OTG_EP0_OutStart
                0x00000000080014bc       0x20 CMakeFiles/bootloader.dir/__/__/__/__/__/thirdparty/STM32_USB-Host-Device_Lib_V2.2.0/Libraries/STM32_USB_OTG_Driver/src/usb_core.c.o
                0x00000000080014bc                USB_OTG_EP0_OutStart
 .text.DCD_Init
                0x00000000080014dc       0x94 CMakeFiles/bootloader.dir/__/__/__/__/__/thirdparty/STM32_USB-Host-Device_Lib_V2.2.0/Libraries/STM32_USB_OTG_Driver/src/usb_dcd.c.o
                0x00000000080014dc                DCD_Init
 .text.DCD_EP_Open
                0x0000000008001570       0x42 CMakeFiles/bootloader.dir/__/__/__/__/__/thirdparty/STM32_USB-Host-Device_Lib_V2.2.0/Libraries/STM32_USB_OTG_Driver/src/usb_dcd.c.o
                0x0000000008001570                DCD_EP_Open
 .text.DCD_EP_Close
                0x00000000080015b2       0x2c CMakeFiles/bootloader.dir/__/__/__/__/__/thirdparty/STM32_USB-Host-Device_Lib_V2.2.0/Libraries/STM32_USB_OTG_Driver/src/usb_dcd.c.o
                0x00000000080015b2                DCD_EP_Close
 .text.DCD_EP_PrepareRx
                0x00000000080015de       0x4c CMakeFiles/bootloader.dir/__/__/__/__/__/thirdparty/STM32_USB-Host-Device_Lib_V2.2.0/Libraries/STM32_USB_OTG_Driver/src/usb_dcd.c.o
                0x00000000080015de                DCD_EP_PrepareRx
 .text.DCD_EP_Tx
                0x000000000800162a       0x38 CMakeFiles/bootloader.dir/__/__/__/__/__/thirdparty/STM32_USB-Host-Device_Lib_V2.2.0/Libraries/STM32_USB_OTG_Driver/src/usb_dcd.c.o
                0x000000000800162a                DCD_EP_Tx
 .text.DCD_EP_Stall
                0x0000000008001662       0x34 CMakeFiles/bootloader.dir/__/__/__/__/__/thirdparty/STM32_USB-Host-Device_Lib_V2.2.0/Libraries/STM32_USB_OTG_Driver/src/usb_dcd.c.o
                0x0000000008001662                DCD_EP_Stall
 .text.DCD_EP_ClrStall
                0x0000000008001696       0x30 CMakeFiles/bootloader.dir/__/__/__/__/__/thirdparty/STM32_USB-Host-Device_Lib_V2.2.0/Libraries/STM32_USB_OTG_Driver/src/usb_dcd.c.o
                0x0000000008001696                DCD_EP_ClrStall
 .text.DCD_EP_Flush
                0x00000000080016c6       0x18 CMakeFiles/bootloader.dir/__/__/__/__/__/thirdparty/STM32_USB-Host-Device_Lib_V2.2.0/Libraries/STM32_USB_OTG_Driver/src/usb_dcd.c.o
                0x00000000080016c6                DCD_EP_Flush
 .text.DCD_EP_SetAddress
                0x00000000080016de       0x10 CMakeFiles/bootloader.dir/__/__/__/__/__/thirdparty/STM32_USB-Host-Device_Lib_V2.2.0/Libraries/STM32_USB_OTG_Driver/src/usb_dcd.c.o
                0x00000000080016de                DCD_EP_SetAddress
 *fill*         0x00000000080016ee        0x2 
 .text.USBD_OTG_ISR_Handler
                0x00000000080016f0      0x588 CMakeFiles/bootloader.dir/__/__/__/__/__/thirdparty/STM32_USB-Host-Device_Lib_V2.2.0/Libraries/STM32_USB_OTG_Driver/src/usb_dcd_int.c.o
                0x00000000080016f0                USBD_OTG_ISR_Handler
 .text.USBD_Resume
                0x0000000008001c78       0x16 CMakeFiles/bootloader.dir/__/__/__/__/__/thirdparty/STM32_USB-Host-Device_Lib_V2.2.0/Libraries/STM32_USB_Device_Library/Core/src/usbd_core.c.o
 .text.USBD_Suspend
                0x0000000008001c8e       0x1c CMakeFiles/bootloader.dir/__/__/__/__/__/thirdparty/STM32_USB-Host-Device_Lib_V2.2.0/Libraries/STM32_USB_Device_Library/Core/src/usbd_core.c.o
 .text.USBD_SOF
                0x0000000008001caa       0x10 CMakeFiles/bootloader.dir/__/__/__/__/__/thirdparty/STM32_USB-Host-Device_Lib_V2.2.0/Libraries/STM32_USB_Device_Library/Core/src/usbd_core.c.o
 .text.USBD_IsoINIncomplete
                0x0000000008001cba        0xe CMakeFiles/bootloader.dir/__/__/__/__/__/thirdparty/STM32_USB-Host-Device_Lib_V2.2.0/Libraries/STM32_USB_Device_Library/Core/src/usbd_core.c.o
 .text.USBD_IsoOUTIncomplete
                0x0000000008001cc8        0xe CMakeFiles/bootloader.dir/__/__/__/__/__/thirdparty/STM32_USB-Host-Device_Lib_V2.2.0/Libraries/STM32_USB_Device_Library/Core/src/usbd_core.c.o
 .text.USBD_DevConnected
                0x0000000008001cd6       0x16 CMakeFiles/bootloader.dir/__/__/__/__/__/thirdparty/STM32_USB-Host-Device_Lib_V2.2.0/Libraries/STM32_USB_Device_Library/Core/src/usbd_core.c.o
 .text.USBD_DevDisconnected
                0x0000000008001cec       0x20 CMakeFiles/bootloader.dir/__/__/__/__/__/thirdparty/STM32_USB-Host-Device_Lib_V2.2.0/Libraries/STM32_USB_Device_Library/Core/src/usbd_core.c.o
 .text.USBD_Reset
                0x0000000008001d0c       0x2e CMakeFiles/bootloader.dir/__/__/__/__/__/thirdparty/STM32_USB-Host-Device_Lib_V2.2.0/Libraries/STM32_USB_Device_Library/Core/src/usbd_core.c.o
 .text.USBD_SetupStage
                0x0000000008001d3a       0x4a CMakeFiles/bootloader.dir/__/__/__/__/__/thirdparty/STM32_USB-Host-Device_Lib_V2.2.0/Libraries/STM32_USB_Device_Library/Core/src/usbd_core.c.o
 .text.USBD_DataInStage
                0x0000000008001d84       0xc0 CMakeFiles/bootloader.dir/__/__/__/__/__/thirdparty/STM32_USB-Host-Device_Lib_V2.2.0/Libraries/STM32_USB_Device_Library/Core/src/usbd_core.c.o
 .text.USBD_DataOutStage
                0x0000000008001e44       0x76 CMakeFiles/bootloader.dir/__/__/__/__/__/thirdparty/STM32_USB-Host-Device_Lib_V2.2.0/Libraries/STM32_USB_Device_Library/Core/src/usbd_core.c.o
 .text.USBD_DeInit
                0x0000000008001eba       0x18 CMakeFiles/bootloader.dir/__/__/__/__/__/thirdparty/STM32_USB-Host-Device_Lib_V2.2.0/Libraries/STM32_USB_Device_Library/Core/src/usbd_core.c.o
                0x0000000008001eba                USBD_DeInit
 .text.USBD_Init
                0x0000000008001ed2       0x40 CMakeFiles/bootloader.dir/__/__/__/__/__/thirdparty/STM32_USB-Host-Device_Lib_V2.2.0/Libraries/STM32_USB_Device_Library/Core/src/usbd_core.c.o
                0x0000000008001ed2                USBD_Init
 .text.USBD_SetCfg
                0x0000000008001f12       0x18 CMakeFiles/bootloader.dir/__/__/__/__/__/thirdparty/STM32_USB-Host-Device_Lib_V2.2.0/Libraries/STM32_USB_Device_Library/Core/src/usbd_core.c.o
                0x0000000008001f12                USBD_SetCfg
 .text.USBD_ClrCfg
                0x0000000008001f2a        0xe CMakeFiles/bootloader.dir/__/__/__/__/__/thirdparty/STM32_USB-Host-Device_Lib_V2.2.0/Libraries/STM32_USB_Device_Library/Core/src/usbd_core.c.o
                0x0000000008001f2a                USBD_ClrCfg
 .text.USBD_CtlSendData
                0x0000000008001f38       0x1a CMakeFiles/bootloader.dir/__/__/__/__/__/thirdparty/STM32_USB-Host-Device_Lib_V2.2.0/Libraries/STM32_USB_Device_Library/Core/src/usbd_ioreq.c.o
                0x0000000008001f38                USBD_CtlSendData
 .text.USBD_CtlContinueSendData
                0x0000000008001f52       0x10 CMakeFiles/bootloader.dir/__/__/__/__/__/thirdparty/STM32_USB-Host-Device_Lib_V2.2.0/Libraries/STM32_USB_Device_Library/Core/src/usbd_ioreq.c.o
                0x0000000008001f52                USBD_CtlContinueSendData
 .text.USBD_CtlContinueRx
                0x0000000008001f62       0x10 CMakeFiles/bootloader.dir/__/__/__/__/__/thirdparty/STM32_USB-Host-Device_Lib_V2.2.0/Libraries/STM32_USB_Device_Library/Core/src/usbd_ioreq.c.o
                0x0000000008001f62                USBD_CtlContinueRx
 .text.USBD_CtlSendStatus
                0x0000000008001f72       0x1e CMakeFiles/bootloader.dir/__/__/__/__/__/thirdparty/STM32_USB-Host-Device_Lib_V2.2.0/Libraries/STM32_USB_Device_Library/Core/src/usbd_ioreq.c.o
                0x0000000008001f72                USBD_CtlSendStatus
 .text.USBD_CtlReceiveStatus
                0x0000000008001f90       0x1e CMakeFiles/bootloader.dir/__/__/__/__/__/thirdparty/STM32_USB-Host-Device_Lib_V2.2.0/Libraries/STM32_USB_Device_Library/Core/src/usbd_ioreq.c.o
                0x0000000008001f90                USBD_CtlReceiveStatus
 .text.USBD_GetRxCount
                0x0000000008001fae        0xc CMakeFiles/bootloader.dir/__/__/__/__/__/thirdparty/STM32_USB-Host-Device_Lib_V2.2.0/Libraries/STM32_USB_Device_Library/Core/src/usbd_ioreq.c.o
                0x0000000008001fae                USBD_GetRxCount
 .text.USBD_CtlError.constprop.0
                0x0000000008001fba       0x1c CMakeFiles/bootloader.dir/__/__/__/__/__/thirdparty/STM32_USB-Host-Device_Lib_V2.2.0/Libraries/STM32_USB_Device_Library/Core/src/usbd_req.c.o
 *fill*         0x0000000008001fd6        0x2 
 .text.USBD_StdDevReq
                0x0000000008001fd8      0x218 CMakeFiles/bootloader.dir/__/__/__/__/__/thirdparty/STM32_USB-Host-Device_Lib_V2.2.0/Libraries/STM32_USB_Device_Library/Core/src/usbd_req.c.o
                0x0000000008001fd8                USBD_StdDevReq
 .text.USBD_StdItfReq
                0x00000000080021f0       0x30 CMakeFiles/bootloader.dir/__/__/__/__/__/thirdparty/STM32_USB-Host-Device_Lib_V2.2.0/Libraries/STM32_USB_Device_Library/Core/src/usbd_req.c.o
                0x00000000080021f0                USBD_StdItfReq
 .text.USBD_StdEPReq
                0x0000000008002220       0xd8 CMakeFiles/bootloader.dir/__/__/__/__/__/thirdparty/STM32_USB-Host-Device_Lib_V2.2.0/Libraries/STM32_USB_Device_Library/Core/src/usbd_req.c.o
                0x0000000008002220                USBD_StdEPReq
 .text.USBD_ParseSetupRequest
                0x00000000080022f8       0x44 CMakeFiles/bootloader.dir/__/__/__/__/__/thirdparty/STM32_USB-Host-Device_Lib_V2.2.0/Libraries/STM32_USB_Device_Library/Core/src/usbd_req.c.o
                0x00000000080022f8                USBD_ParseSetupRequest
 .text.USBD_CtlError
                0x000000000800233c       0x1c CMakeFiles/bootloader.dir/__/__/__/__/__/thirdparty/STM32_USB-Host-Device_Lib_V2.2.0/Libraries/STM32_USB_Device_Library/Core/src/usbd_req.c.o
                0x000000000800233c                USBD_CtlError
 .text.USBD_GetString
                0x0000000008002358       0x38 CMakeFiles/bootloader.dir/__/__/__/__/__/thirdparty/STM32_USB-Host-Device_Lib_V2.2.0/Libraries/STM32_USB_Device_Library/Core/src/usbd_req.c.o
                0x0000000008002358                USBD_GetString
 .text.SCSI_SenseCode.constprop.0
                0x0000000008002390       0x2c CMakeFiles/bootloader.dir/__/__/__/__/__/thirdparty/STM32_USB-Host-Device_Lib_V2.2.0/Libraries/STM32_USB_Device_Library/Class/msc/src/usbd_msc_scsi.c.o
 .text.SCSI_CheckAddressRange
                0x00000000080023bc       0x40 CMakeFiles/bootloader.dir/__/__/__/__/__/thirdparty/STM32_USB-Host-Device_Lib_V2.2.0/Libraries/STM32_USB_Device_Library/Class/msc/src/usbd_msc_scsi.c.o
 .text.SCSI_ProcessCmd
                0x00000000080023fc      0x4c4 CMakeFiles/bootloader.dir/__/__/__/__/__/thirdparty/STM32_USB-Host-Device_Lib_V2.2.0/Libraries/STM32_USB_Device_Library/Class/msc/src/usbd_msc_scsi.c.o
                0x00000000080023fc                SCSI_ProcessCmd
 .text.SCSI_SenseCode
                0x00000000080028c0       0x2c CMakeFiles/bootloader.dir/__/__/__/__/__/thirdparty/STM32_USB-Host-Device_Lib_V2.2.0/Libraries/STM32_USB_Device_Library/Class/msc/src/usbd_msc_scsi.c.o
                0x00000000080028c0                SCSI_SenseCode
 .text.MSC_BOT_Abort
                0x00000000080028ec       0x44 CMakeFiles/bootloader.dir/__/__/__/__/__/thirdparty/STM32_USB-Host-Device_Lib_V2.2.0/Libraries/STM32_USB_Device_Library/Class/msc/src/usbd_msc_bot.c.o
 .text.MSC_BOT_Init
                0x0000000008002930       0x48 CMakeFiles/bootloader.dir/__/__/__/__/__/thirdparty/STM32_USB-Host-Device_Lib_V2.2.0/Libraries/STM32_USB_Device_Library/Class/msc/src/usbd_msc_bot.c.o
                0x0000000008002930                MSC_BOT_Init
 .text.MSC_BOT_Reset
                0x0000000008002978       0x20 CMakeFiles/bootloader.dir/__/__/__/__/__/thirdparty/STM32_USB-Host-Device_Lib_V2.2.0/Libraries/STM32_USB_Device_Library/Class/msc/src/usbd_msc_bot.c.o
                0x0000000008002978                MSC_BOT_Reset
 .text.MSC_BOT_DeInit
                0x0000000008002998        0xc CMakeFiles/bootloader.dir/__/__/__/__/__/thirdparty/STM32_USB-Host-Device_Lib_V2.2.0/Libraries/STM32_USB_Device_Library/Class/msc/src/usbd_msc_bot.c.o
                0x0000000008002998                MSC_BOT_DeInit
 .text.MSC_BOT_SendCSW
                0x00000000080029a4       0x3c CMakeFiles/bootloader.dir/__/__/__/__/__/thirdparty/STM32_USB-Host-Device_Lib_V2.2.0/Libraries/STM32_USB_Device_Library/Class/msc/src/usbd_msc_bot.c.o
                0x00000000080029a4                MSC_BOT_SendCSW
 .text.MSC_BOT_DataIn
                0x00000000080029e0       0x3c CMakeFiles/bootloader.dir/__/__/__/__/__/thirdparty/STM32_USB-Host-Device_Lib_V2.2.0/Libraries/STM32_USB_Device_Library/Class/msc/src/usbd_msc_bot.c.o
                0x00000000080029e0                MSC_BOT_DataIn
 .text.MSC_BOT_DataOut
                0x0000000008002a1c       0xdc CMakeFiles/bootloader.dir/__/__/__/__/__/thirdparty/STM32_USB-Host-Device_Lib_V2.2.0/Libraries/STM32_USB_Device_Library/Class/msc/src/usbd_msc_bot.c.o
                0x0000000008002a1c                MSC_BOT_DataOut
 .text.MSC_BOT_CplClrFeature
                0x0000000008002af8       0x2c CMakeFiles/bootloader.dir/__/__/__/__/__/thirdparty/STM32_USB-Host-Device_Lib_V2.2.0/Libraries/STM32_USB_Device_Library/Class/msc/src/usbd_msc_bot.c.o
                0x0000000008002af8                MSC_BOT_CplClrFeature
 .text.USBD_MSC_GetCfgDesc
                0x0000000008002b24        0xc CMakeFiles/bootloader.dir/__/__/__/__/__/thirdparty/STM32_USB-Host-Device_Lib_V2.2.0/Libraries/STM32_USB_Device_Library/Class/msc/src/usbd_msc_core.c.o
                0x0000000008002b24                USBD_MSC_GetCfgDesc
 .text.USBD_MSC_DeInit
                0x0000000008002b30       0x1c CMakeFiles/bootloader.dir/__/__/__/__/__/thirdparty/STM32_USB-Host-Device_Lib_V2.2.0/Libraries/STM32_USB_Device_Library/Class/msc/src/usbd_msc_core.c.o
                0x0000000008002b30                USBD_MSC_DeInit
 .text.USBD_MSC_Init
                0x0000000008002b4c       0x2a CMakeFiles/bootloader.dir/__/__/__/__/__/thirdparty/STM32_USB-Host-Device_Lib_V2.2.0/Libraries/STM32_USB_Device_Library/Class/msc/src/usbd_msc_core.c.o
                0x0000000008002b4c                USBD_MSC_Init
 *fill*         0x0000000008002b76        0x2 
 .text.USBD_MSC_Setup
                0x0000000008002b78       0xbc CMakeFiles/bootloader.dir/__/__/__/__/__/thirdparty/STM32_USB-Host-Device_Lib_V2.2.0/Libraries/STM32_USB_Device_Library/Class/msc/src/usbd_msc_core.c.o
                0x0000000008002b78                USBD_MSC_Setup
 .text.USBD_MSC_DataIn
                0x0000000008002c34        0xa CMakeFiles/bootloader.dir/__/__/__/__/__/thirdparty/STM32_USB-Host-Device_Lib_V2.2.0/Libraries/STM32_USB_Device_Library/Class/msc/src/usbd_msc_core.c.o
                0x0000000008002c34                USBD_MSC_DataIn
 .text.USBD_MSC_DataOut
                0x0000000008002c3e        0xa CMakeFiles/bootloader.dir/__/__/__/__/__/thirdparty/STM32_USB-Host-Device_Lib_V2.2.0/Libraries/STM32_USB_Device_Library/Class/msc/src/usbd_msc_core.c.o
                0x0000000008002c3e                USBD_MSC_DataOut
 .text.ld_dword
                0x0000000008002c48       0x10 CMakeFiles/bootloader.dir/__/__/__/__/__/thirdparty/FatFs/ff.c.o
 .text.clust2sect
                0x0000000008002c58       0x16 CMakeFiles/bootloader.dir/__/__/__/__/__/thirdparty/FatFs/ff.c.o
 .text.get_ldnumber
                0x0000000008002c6e       0x30 CMakeFiles/bootloader.dir/__/__/__/__/__/thirdparty/FatFs/ff.c.o
 .text.validate
                0x0000000008002c9e       0x34 CMakeFiles/bootloader.dir/__/__/__/__/__/thirdparty/FatFs/ff.c.o
 .text.ld_clust.isra.0
                0x0000000008002cd2       0x1c CMakeFiles/bootloader.dir/__/__/__/__/__/thirdparty/FatFs/ff.c.o
 .text.move_window
                0x0000000008002cee       0x34 CMakeFiles/bootloader.dir/__/__/__/__/__/thirdparty/FatFs/ff.c.o
 *fill*         0x0000000008002d22        0x2 
 .text.check_fs
                0x0000000008002d24       0x7c CMakeFiles/bootloader.dir/__/__/__/__/__/thirdparty/FatFs/ff.c.o
 .text.find_volume.isra.0
                0x0000000008002da0      0x210 CMakeFiles/bootloader.dir/__/__/__/__/__/thirdparty/FatFs/ff.c.o
 .text.get_fat.isra.0
                0x0000000008002fb0       0xb4 CMakeFiles/bootloader.dir/__/__/__/__/__/thirdparty/FatFs/ff.c.o
 .text.dir_sdi  0x0000000008003064       0x78 CMakeFiles/bootloader.dir/__/__/__/__/__/thirdparty/FatFs/ff.c.o
 .text.dir_next.isra.0
                0x00000000080030dc       0x70 CMakeFiles/bootloader.dir/__/__/__/__/__/thirdparty/FatFs/ff.c.o
 .text.get_fileinfo
                0x000000000800314c       0xe8 CMakeFiles/bootloader.dir/__/__/__/__/__/thirdparty/FatFs/ff.c.o
 .text.dir_read.constprop.0
                0x0000000008003234      0x11c CMakeFiles/bootloader.dir/__/__/__/__/__/thirdparty/FatFs/ff.c.o
 .text.follow_path
                0x0000000008003350      0x430 CMakeFiles/bootloader.dir/__/__/__/__/__/thirdparty/FatFs/ff.c.o
 .text.f_mount  0x0000000008003780       0x4c CMakeFiles/bootloader.dir/__/__/__/__/__/thirdparty/FatFs/ff.c.o
                0x0000000008003780                f_mount
 .text.f_open   0x00000000080037cc       0x82 CMakeFiles/bootloader.dir/__/__/__/__/__/thirdparty/FatFs/ff.c.o
                0x00000000080037cc                f_open
 .text.f_read   0x000000000800384e      0x120 CMakeFiles/bootloader.dir/__/__/__/__/__/thirdparty/FatFs/ff.c.o
                0x000000000800384e                f_read
 .text.f_close  0x000000000800396e       0x12 CMakeFiles/bootloader.dir/__/__/__/__/__/thirdparty/FatFs/ff.c.o
                0x000000000800396e                f_close
 .text.f_chdir  0x0000000008003980       0x60 CMakeFiles/bootloader.dir/__/__/__/__/__/thirdparty/FatFs/ff.c.o
                0x0000000008003980                f_chdir
 .text.f_lseek  0x00000000080039e0       0xca CMakeFiles/bootloader.dir/__/__/__/__/__/thirdparty/FatFs/ff.c.o
                0x00000000080039e0                f_lseek
 .text.f_opendir
                0x0000000008003aaa       0x70 CMakeFiles/bootloader.dir/__/__/__/__/__/thirdparty/FatFs/ff.c.o
                0x0000000008003aaa                f_opendir
 .text.f_readdir
                0x0000000008003b1a       0x4a CMakeFiles/bootloader.dir/__/__/__/__/__/thirdparty/FatFs/ff.c.o
                0x0000000008003b1a                f_readdir
 .text.ff_convert
                0x0000000008003b64       0x3c CMakeFiles/bootloader.dir/__/__/__/__/__/thirdparty/FatFs/option/ccsbcs.c.o
                0x0000000008003b64                ff_convert
 .text.ff_wtoupper
                0x0000000008003ba0       0x84 CMakeFiles/bootloader.dir/__/__/__/__/__/thirdparty/FatFs/option/ccsbcs.c.o
                0x0000000008003ba0                ff_wtoupper
 .text._Z15lcdWriteCommandh
                0x0000000008003c24       0x3c CMakeFiles/bootloader.dir/__/__/__/__/taranis/lcd_driver_spi.cpp.o
                0x0000000008003c24                lcdWriteCommand(unsigned char)
 .text._Z15lcdHardwareInitv
                0x0000000008003c60       0xd4 CMakeFiles/bootloader.dir/__/__/__/__/taranis/lcd_driver_spi.cpp.o
                0x0000000008003c60                lcdHardwareInit()
 .text._Z14lcdRefreshWaitv
                0x0000000008003d34       0x10 CMakeFiles/bootloader.dir/__/__/__/__/taranis/lcd_driver_spi.cpp.o
                0x0000000008003d34                lcdRefreshWait()
 .text.DMA1_Stream7_IRQHandler
                0x0000000008003d44       0x54 CMakeFiles/bootloader.dir/__/__/__/__/taranis/lcd_driver_spi.cpp.o
                0x0000000008003d44                DMA1_Stream7_IRQHandler
 .text._Z6lcdOffv
                0x0000000008003d98       0x20 CMakeFiles/bootloader.dir/__/__/__/__/taranis/lcd_driver_spi.cpp.o
                0x0000000008003d98                lcdOff()
 .text._Z8lcdResetv
                0x0000000008003db8       0x18 CMakeFiles/bootloader.dir/__/__/__/__/taranis/lcd_driver_spi.cpp.o
                0x0000000008003db8                lcdReset()
 .text._Z7lcdInitv
                0x0000000008003dd0        0xe CMakeFiles/bootloader.dir/__/__/__/__/taranis/lcd_driver_spi.cpp.o
                0x0000000008003dd0                lcdInit()
 *fill*         0x0000000008003dde        0x2 
 .text._Z13lcdSetRefVolth
                0x0000000008003de0       0x28 CMakeFiles/bootloader.dir/__/__/__/__/taranis/lcd_driver_spi.cpp.o
                0x0000000008003de0                lcdSetRefVolt(unsigned char)
 .text._Z8lcdStartv
                0x0000000008003e08       0x4e CMakeFiles/bootloader.dir/__/__/__/__/taranis/lcd_driver_spi.cpp.o
                0x0000000008003e08                lcdStart()
 *fill*         0x0000000008003e56        0x2 
 .text._Z13lcdInitFinishv
                0x0000000008003e58       0x38 CMakeFiles/bootloader.dir/__/__/__/__/taranis/lcd_driver_spi.cpp.o
                0x0000000008003e58                lcdInitFinish()
 .text._Z10lcdRefreshb
                0x0000000008003e90       0xac CMakeFiles/bootloader.dir/__/__/__/__/taranis/lcd_driver_spi.cpp.o
                0x0000000008003e90                lcdRefresh(bool)
 .text.backlightInit
                0x0000000008003f3c       0x4c CMakeFiles/bootloader.dir/__/__/__/__/taranis/backlight_driver.cpp.o
                0x0000000008003f3c                backlightInit
 .text.backlightEnable
                0x0000000008003f88       0x10 CMakeFiles/bootloader.dir/__/__/__/__/taranis/backlight_driver.cpp.o
                0x0000000008003f88                backlightEnable
 .text.backlightDisable
                0x0000000008003f98        0xc CMakeFiles/bootloader.dir/__/__/__/__/taranis/backlight_driver.cpp.o
                0x0000000008003f98                backlightDisable
 .text._Z8readKeysv
                0x0000000008003fa4       0x38 CMakeFiles/bootloader.dir/__/__/__/__/taranis/keys_driver.cpp.o
                0x0000000008003fa4                readKeys()
 .text._Z9readTrimsv
                0x0000000008003fdc       0x64 CMakeFiles/bootloader.dir/__/__/__/__/taranis/keys_driver.cpp.o
                0x0000000008003fdc                readTrims()
 .text._Z8keysInitv
                0x0000000008004040       0x54 CMakeFiles/bootloader.dir/__/__/__/__/taranis/keys_driver.cpp.o
                0x0000000008004040                keysInit()
 .text._ZL8power_onv
                0x0000000008004094       0xd0 CMakeFiles/bootloader.dir/__/__/__/__/taranis/diskio.cpp.o
 .text._ZL12stm32_spi_rwh
                0x0000000008004164       0x24 CMakeFiles/bootloader.dir/__/__/__/__/taranis/diskio.cpp.o
 .text._ZL8rcvr_spiv
                0x0000000008004188        0x6 CMakeFiles/bootloader.dir/__/__/__/__/taranis/diskio.cpp.o
 *fill*         0x000000000800418e        0x2 
 .text._ZL10wait_readyv
                0x0000000008004190       0x20 CMakeFiles/bootloader.dir/__/__/__/__/taranis/diskio.cpp.o
 .text._ZL11release_spiv
                0x00000000080041b0       0x18 CMakeFiles/bootloader.dir/__/__/__/__/taranis/diskio.cpp.o
 .text._ZL9spi_resetv
                0x00000000080041c8       0x12 CMakeFiles/bootloader.dir/__/__/__/__/taranis/diskio.cpp.o
 *fill*         0x00000000080041da        0x2 
 .text._ZL8send_cmdhm
                0x00000000080041dc       0x8c CMakeFiles/bootloader.dir/__/__/__/__/taranis/diskio.cpp.o
 .text._ZL9power_offv
                0x0000000008004268       0x60 CMakeFiles/bootloader.dir/__/__/__/__/taranis/diskio.cpp.o
 .text._ZL14rcvr_datablockPhj
                0x00000000080042c8       0x68 CMakeFiles/bootloader.dir/__/__/__/__/taranis/diskio.cpp.o
 .text._ZL14xmit_datablockPKhh
                0x0000000008004330       0x70 CMakeFiles/bootloader.dir/__/__/__/__/taranis/diskio.cpp.o
 .text.disk_initialize
                0x00000000080043a0      0x148 CMakeFiles/bootloader.dir/__/__/__/__/taranis/diskio.cpp.o
                0x00000000080043a0                disk_initialize
 .text.disk_status
                0x00000000080044e8       0x14 CMakeFiles/bootloader.dir/__/__/__/__/taranis/diskio.cpp.o
                0x00000000080044e8                disk_status
 .text._Z14SD_ReadSectorsPhmm
                0x00000000080044fc       0x80 CMakeFiles/bootloader.dir/__/__/__/__/taranis/diskio.cpp.o
                0x00000000080044fc                SD_ReadSectors(unsigned char*, unsigned long, unsigned long)
 .text.disk_read
                0x000000000800457c       0x30 CMakeFiles/bootloader.dir/__/__/__/__/taranis/diskio.cpp.o
                0x000000000800457c                disk_read
 .text._Z15SD_WriteSectorsPKhmm
                0x00000000080045ac       0x94 CMakeFiles/bootloader.dir/__/__/__/__/taranis/diskio.cpp.o
                0x00000000080045ac                SD_WriteSectors(unsigned char const*, unsigned long, unsigned long)
 .text.disk_write
                0x0000000008004640       0x38 CMakeFiles/bootloader.dir/__/__/__/__/taranis/diskio.cpp.o
                0x0000000008004640                disk_write
 .text.disk_ioctl
                0x0000000008004678      0x204 CMakeFiles/bootloader.dir/__/__/__/__/taranis/diskio.cpp.o
                0x0000000008004678                disk_ioctl
 .text._Z10sdPoll10msv
                0x000000000800487c       0x68 CMakeFiles/bootloader.dir/__/__/__/__/taranis/diskio.cpp.o
                0x000000000800487c                sdPoll10ms()
 .text._Z6sdInitv
                0x00000000080048e4       0x28 CMakeFiles/bootloader.dir/__/__/__/__/taranis/diskio.cpp.o
                0x00000000080048e4                sdInit()
 .text._Z8boardOffv
                0x000000000800490c       0x54 CMakeFiles/bootloader.dir/__/__/__/__/taranis/board.cpp.o
                0x000000000800490c                boardOff()
 .text.pwrInit  0x0000000008004960       0x98 CMakeFiles/bootloader.dir/__/pwr_driver.cpp.o
                0x0000000008004960                pwrInit
 .text.pwrOn    0x00000000080049f8       0x28 CMakeFiles/bootloader.dir/__/pwr_driver.cpp.o
                0x00000000080049f8                pwrOn
 .text.pwrOff   0x0000000008004a20        0xc CMakeFiles/bootloader.dir/__/pwr_driver.cpp.o
                0x0000000008004a20                pwrOff
 .text.pwrPressed
                0x0000000008004a2c       0x18 CMakeFiles/bootloader.dir/__/pwr_driver.cpp.o
                0x0000000008004a2c                pwrPressed
 .text.pwrResetHandler
                0x0000000008004a44       0x20 CMakeFiles/bootloader.dir/__/pwr_driver.cpp.o
                0x0000000008004a44                pwrResetHandler
 .text._Z20bootloaderInitScreenv
                0x0000000008004a64        0x2 CMakeFiles/bootloader.dir/__/__/__/__/taranis/bootloader/boot_menu.cpp.o
                0x0000000008004a64                bootloaderInitScreen()
 .text._Z22bootloaderDrawFilenamePKchb
                0x0000000008004a66       0x20 CMakeFiles/bootloader.dir/__/__/__/__/taranis/bootloader/boot_menu.cpp.o
                0x0000000008004a66                bootloaderDrawFilename(char const*, unsigned char, bool)
 *fill*         0x0000000008004a86        0x2 
 .text._Z20bootloaderDrawScreen15BootloaderStateiPKc
                0x0000000008004a88      0x1dc CMakeFiles/bootloader.dir/__/__/__/__/taranis/bootloader/boot_menu.cpp.o
                0x0000000008004a88                bootloaderDrawScreen(BootloaderState, int, char const*)
 .text.USBD_USR_Init
                0x0000000008004c64        0x2 CMakeFiles/bootloader.dir/__/usbd_usr.cpp.o
                0x0000000008004c64                USBD_USR_Init
 .text.USBD_USR_DeviceReset
                0x0000000008004c66        0x2 CMakeFiles/bootloader.dir/__/usbd_usr.cpp.o
                0x0000000008004c66                USBD_USR_DeviceReset
 .text.USBD_USR_DeviceDisconnected
                0x0000000008004c68        0x2 CMakeFiles/bootloader.dir/__/usbd_usr.cpp.o
                0x0000000008004c68                USBD_USR_DeviceDisconnected
 .text.USBD_USR_DeviceConfigured
                0x0000000008004c6a        0x2 CMakeFiles/bootloader.dir/__/usbd_usr.cpp.o
                0x0000000008004c6a                USBD_USR_DeviceConfigured
 .text.USBD_USR_DeviceSuspended
                0x0000000008004c6c        0x2 CMakeFiles/bootloader.dir/__/usbd_usr.cpp.o
                0x0000000008004c6c                USBD_USR_DeviceSuspended
 .text.USBD_USR_DeviceResumed
                0x0000000008004c6e        0x2 CMakeFiles/bootloader.dir/__/usbd_usr.cpp.o
                0x0000000008004c6e                USBD_USR_DeviceResumed
 .text.USBD_USR_DeviceConnected
                0x0000000008004c70        0x2 CMakeFiles/bootloader.dir/__/usbd_usr.cpp.o
                0x0000000008004c70                USBD_USR_DeviceConnected
 .text.STORAGE_IsWriteProtected
                0x0000000008004c72        0x4 CMakeFiles/bootloader.dir/__/usbd_storage_msd.cpp.o
                0x0000000008004c72                STORAGE_IsWriteProtected
 .text.STORAGE_GetMaxLun
                0x0000000008004c76        0x4 CMakeFiles/bootloader.dir/__/usbd_storage_msd.cpp.o
                0x0000000008004c76                STORAGE_GetMaxLun
 .text._ZL9writeBytePhtih
                0x0000000008004c7a       0x1a CMakeFiles/bootloader.dir/__/usbd_storage_msd.cpp.o
 .text._ZL11pushClusterPhtRtRit
                0x0000000008004c94       0x4e CMakeFiles/bootloader.dir/__/usbd_storage_msd.cpp.o
 *fill*         0x0000000008004ce2        0x2 
 .text.STORAGE_Init
                0x0000000008004ce4       0x18 CMakeFiles/bootloader.dir/__/usbd_storage_msd.cpp.o
                0x0000000008004ce4                STORAGE_Init
 .text.STORAGE_GetCapacity
                0x0000000008004cfc       0x50 CMakeFiles/bootloader.dir/__/usbd_storage_msd.cpp.o
                0x0000000008004cfc                STORAGE_GetCapacity
 .text.STORAGE_IsReady
                0x0000000008004d4c       0x30 CMakeFiles/bootloader.dir/__/usbd_storage_msd.cpp.o
                0x0000000008004d4c                STORAGE_IsReady
 .text._Z12usbPluggedInv
                0x0000000008004d7c       0x10 CMakeFiles/bootloader.dir/__/usbd_storage_msd.cpp.o
                0x0000000008004d7c                usbPluggedIn()
 .text.fat12Read
                0x0000000008004d8c      0x168 CMakeFiles/bootloader.dir/__/usbd_storage_msd.cpp.o
                0x0000000008004d8c                fat12Read
 .text.STORAGE_Read
                0x0000000008004ef4       0x26 CMakeFiles/bootloader.dir/__/usbd_storage_msd.cpp.o
                0x0000000008004ef4                STORAGE_Read
 *fill*         0x0000000008004f1a        0x2 
 .text.fat12Write
                0x0000000008004f1c      0x110 CMakeFiles/bootloader.dir/__/usbd_storage_msd.cpp.o
                0x0000000008004f1c                fat12Write
 .text.STORAGE_Write
                0x000000000800502c       0x26 CMakeFiles/bootloader.dir/__/usbd_storage_msd.cpp.o
                0x000000000800502c                STORAGE_Write
 *fill*         0x0000000008005052        0x2 
 .text.startup._GLOBAL__sub_I_USBD_STORAGE_fops
                0x0000000008005054       0x18 CMakeFiles/bootloader.dir/__/usbd_storage_msd.cpp.o
 .text.delaysInit
                0x000000000800506c       0x24 CMakeFiles/bootloader.dir/__/delays.cpp.o
                0x000000000800506c                delaysInit
 .text.delay_us
                0x0000000008005090       0x24 CMakeFiles/bootloader.dir/__/delays.cpp.o
                0x0000000008005090                delay_us
 .text.delay_ms
                0x00000000080050b4       0x14 CMakeFiles/bootloader.dir/__/delays.cpp.o
                0x00000000080050b4                delay_ms
 .text.USBD_USR_LangIDStrDescriptor
                0x00000000080050c8       0x18 CMakeFiles/bootloader.dir/__/usbd_desc.c.o
                0x00000000080050c8                USBD_USR_LangIDStrDescriptor
 .text.USBD_USR_DeviceDescriptor
                0x00000000080050e0       0x6c CMakeFiles/bootloader.dir/__/usbd_desc.c.o
                0x00000000080050e0                USBD_USR_DeviceDescriptor
 .text.USBD_USR_ManufacturerStrDescriptor
                0x000000000800514c       0x1c CMakeFiles/bootloader.dir/__/usbd_desc.c.o
                0x000000000800514c                USBD_USR_ManufacturerStrDescriptor
 .text.USBD_USR_SerialStrDescriptor
                0x0000000008005168       0x1c CMakeFiles/bootloader.dir/__/usbd_desc.c.o
                0x0000000008005168                USBD_USR_SerialStrDescriptor
 .text.USBD_USR_ProductStrDescriptor
                0x0000000008005184       0x44 CMakeFiles/bootloader.dir/__/usbd_desc.c.o
                0x0000000008005184                USBD_USR_ProductStrDescriptor
 .text.USBD_USR_ConfigStrDescriptor
                0x00000000080051c8       0x44 CMakeFiles/bootloader.dir/__/usbd_desc.c.o
                0x00000000080051c8                USBD_USR_ConfigStrDescriptor
 .text.USBD_USR_InterfaceStrDescriptor
                0x000000000800520c       0x44 CMakeFiles/bootloader.dir/__/usbd_desc.c.o
                0x000000000800520c                USBD_USR_InterfaceStrDescriptor
 .text.USB_OTG_BSP_Init
                0x0000000008005250       0x64 CMakeFiles/bootloader.dir/__/usb_bsp.c.o
                0x0000000008005250                USB_OTG_BSP_Init
 .text.USB_OTG_BSP_Deinit
                0x00000000080052b4        0x2 CMakeFiles/bootloader.dir/__/usb_bsp.c.o
                0x00000000080052b4                USB_OTG_BSP_Deinit
 *fill*         0x00000000080052b6        0x2 
 .text.USB_OTG_BSP_EnableInterrupt
                0x00000000080052b8       0x14 CMakeFiles/bootloader.dir/__/usb_bsp.c.o
                0x00000000080052b8                USB_OTG_BSP_EnableInterrupt
 .text.USB_OTG_BSP_DisableInterrupt
                0x00000000080052cc       0x10 CMakeFiles/bootloader.dir/__/usb_bsp.c.o
                0x00000000080052cc                USB_OTG_BSP_DisableInterrupt
 .text.USB_OTG_BSP_uDelay
                0x00000000080052dc        0x6 CMakeFiles/bootloader.dir/__/usb_bsp.c.o
                0x00000000080052dc                USB_OTG_BSP_uDelay
 .text.USB_OTG_BSP_mDelay
                0x00000000080052e2        0x4 CMakeFiles/bootloader.dir/__/usb_bsp.c.o
                0x00000000080052e2                USB_OTG_BSP_mDelay
 *fill*         0x00000000080052e6        0x2 
 .text.getSelectedUsbMode
                0x00000000080052e8        0xc CMakeFiles/bootloader.dir/__/usb_driver.cpp.o
                0x00000000080052e8                getSelectedUsbMode
 .text.usbPlugged
                0x00000000080052f4       0x24 CMakeFiles/bootloader.dir/__/usb_driver.cpp.o
                0x00000000080052f4                usbPlugged
 .text.OTG_FS_IRQHandler
                0x0000000008005318        0xc CMakeFiles/bootloader.dir/__/usb_driver.cpp.o
                0x0000000008005318                OTG_FS_IRQHandler
 .text.usbInit  0x0000000008005324       0x18 CMakeFiles/bootloader.dir/__/usb_driver.cpp.o
                0x0000000008005324                usbInit
 .text.usbStart
                0x000000000800533c       0x34 CMakeFiles/bootloader.dir/__/usb_driver.cpp.o
                0x000000000800533c                usbStart
 .text.usbStop  0x0000000008005370       0x14 CMakeFiles/bootloader.dir/__/usb_driver.cpp.o
                0x0000000008005370                usbStop
 .text._Z13waitFlashIdlev
                0x0000000008005384       0x10 CMakeFiles/bootloader.dir/__/flash_driver.cpp.o
                0x0000000008005384                waitFlashIdle()
 .text._Z11unlockFlashv
                0x0000000008005394       0x18 CMakeFiles/bootloader.dir/__/flash_driver.cpp.o
                0x0000000008005394                unlockFlash()
 .text._Z9lockFlashv
                0x00000000080053ac       0x18 CMakeFiles/bootloader.dir/__/flash_driver.cpp.o
                0x00000000080053ac                lockFlash()
 .text._Z11eraseSectorm
                0x00000000080053c4       0x50 CMakeFiles/bootloader.dir/__/flash_driver.cpp.o
                0x00000000080053c4                eraseSector(unsigned long)
 .text._Z10flashWritePmPKm
                0x0000000008005414      0x124 CMakeFiles/bootloader.dir/__/flash_driver.cpp.o
                0x0000000008005414                flashWrite(unsigned long*, unsigned long const*)
 .text._Z15isFirmwareStartPKh
                0x0000000008005538       0x30 CMakeFiles/bootloader.dir/__/flash_driver.cpp.o
                0x0000000008005538                isFirmwareStart(unsigned char const*)
 .text._init    0x0000000008005568        0x2 CMakeFiles/bootloader.dir/init.c.o
                0x0000000008005568                _init
 .text._fini    0x000000000800556a        0x2 CMakeFiles/bootloader.dir/init.c.o
                0x000000000800556a                _fini
 .text._Z13interrupt10msv
                0x000000000800556c       0x70 CMakeFiles/bootloader.dir/boot.cpp.o
                0x000000000800556c                interrupt10ms()
 .text._Z13init10msTimerv
                0x00000000080055dc       0x34 CMakeFiles/bootloader.dir/boot.cpp.o
                0x00000000080055dc                init10msTimer()
 .text.TIM8_TRG_COM_TIM14_IRQHandler
                0x0000000008005610       0x18 CMakeFiles/bootloader.dir/boot.cpp.o
                0x0000000008005610                TIM8_TRG_COM_TIM14_IRQHandler
 .text._Z18isValidBufferStartPKh
                0x0000000008005628       0x40 CMakeFiles/bootloader.dir/boot.cpp.o
                0x0000000008005628                isValidBufferStart(unsigned char const*)
 .text._Z14checkFlashFilej13FlashCheckRes
                0x0000000008005668       0x34 CMakeFiles/bootloader.dir/boot.cpp.o
                0x0000000008005668                checkFlashFile(unsigned int, FlashCheckRes)
 .text._Z13menuFlashFilemt
                0x000000000800569c       0x60 CMakeFiles/bootloader.dir/boot.cpp.o
                0x000000000800569c                menuFlashFile(unsigned long, unsigned short)
 .text._Z15flashWriteBlockv
                0x00000000080056fc       0x44 CMakeFiles/bootloader.dir/boot.cpp.o
                0x00000000080056fc                flashWriteBlock()
 .text._Z16writeEepromBlockv
                0x0000000008005740       0x28 CMakeFiles/bootloader.dir/boot.cpp.o
                0x0000000008005740                writeEepromBlock()
 .text.startup.main
                0x0000000008005768      0x3f8 CMakeFiles/bootloader.dir/boot.cpp.o
                0x0000000008005768                main
 .text._ZL15findNextBinFileP7FILINFO
                0x0000000008005b60       0x58 CMakeFiles/bootloader.dir/bin_files.cpp.o
 .text._Z10openBinDir10MemoryType
                0x0000000008005bb8       0x34 CMakeFiles/bootloader.dir/bin_files.cpp.o
                0x0000000008005bb8                openBinDir(MemoryType)
 .text._Z13fetchBinFilesj
                0x0000000008005bec       0x74 CMakeFiles/bootloader.dir/bin_files.cpp.o
                0x0000000008005bec                fetchBinFiles(unsigned int)
 .text._Z11openBinFile10MemoryTypej
                0x0000000008005c60       0x90 CMakeFiles/bootloader.dir/bin_files.cpp.o
                0x0000000008005c60                openBinFile(MemoryType, unsigned int)
 .text._Z11readBinFilev
                0x0000000008005cf0       0x20 CMakeFiles/bootloader.dir/bin_files.cpp.o
                0x0000000008005cf0                readBinFile()
 .text._Z12closeBinFilev
                0x0000000008005d10        0xc CMakeFiles/bootloader.dir/bin_files.cpp.o
                0x0000000008005d10                closeBinFile()
 .text._Z8lcdClearv
                0x0000000008005d1c       0x10 CMakeFiles/bootloader.dir/__/__/__/__/__/gui/common/stdlcd/lcd_1bit.cpp.o
                0x0000000008005d1c                lcdClear()
 .text._Z15getPatternWidthPK11PatternData
                0x0000000008005d2c       0x36 CMakeFiles/bootloader.dir/__/__/__/__/__/gui/common/stdlcd/lcd_1bit.cpp.o
                0x0000000008005d2c                getPatternWidth(PatternData const*)
 *fill*         0x0000000008005d62        0x2 
 .text._Z12getCharWidthcm
                0x0000000008005d64       0x28 CMakeFiles/bootloader.dir/__/__/__/__/__/gui/common/stdlcd/lcd_1bit.cpp.o
                0x0000000008005d64                getCharWidth(char, unsigned long)
 .text._Z12getTextWidthPKchm
                0x0000000008005d8c       0x32 CMakeFiles/bootloader.dir/__/__/__/__/__/gui/common/stdlcd/lcd_1bit.cpp.o
                0x0000000008005d8c                getTextWidth(char const*, unsigned char, unsigned long)
 .text._Z12lcdMaskPointPhhm
                0x0000000008005dbe       0x1a CMakeFiles/bootloader.dir/__/__/__/__/__/gui/common/stdlcd/lcd_1bit.cpp.o
                0x0000000008005dbe                lcdMaskPoint(unsigned char*, unsigned char, unsigned long)
 .text._Z19lcdDrawVerticalLineiiihm
                0x0000000008005dd8       0xa4 CMakeFiles/bootloader.dir/__/__/__/__/__/gui/common/stdlcd/lcd_1bit.cpp.o
                0x0000000008005dd8                lcdDrawVerticalLine(int, int, int, unsigned char, unsigned long)
 .text._Z12lcdDrawPointiim
                0x0000000008005e7c       0x3c CMakeFiles/bootloader.dir/__/__/__/__/__/gui/common/stdlcd/lcd_1bit.cpp.o
                0x0000000008005e7c                lcdDrawPoint(int, int, unsigned long)
 .text._Z13lcdPutPatterniiPKhhhm
                0x0000000008005eb8      0x14c CMakeFiles/bootloader.dir/__/__/__/__/__/gui/common/stdlcd/lcd_1bit.cpp.o
                0x0000000008005eb8                lcdPutPattern(int, int, unsigned char const*, unsigned char, unsigned char, unsigned long)
 .text._Z11lcdDrawChariihm
                0x0000000008006004       0x2c CMakeFiles/bootloader.dir/__/__/__/__/__/gui/common/stdlcd/lcd_1bit.cpp.o
                0x0000000008006004                lcdDrawChar(int, int, unsigned char, unsigned long)
 .text._Z16lcdDrawSizedTextiiPKchm
                0x0000000008006030       0xd4 CMakeFiles/bootloader.dir/__/__/__/__/__/gui/common/stdlcd/lcd_1bit.cpp.o
                0x0000000008006030                lcdDrawSizedText(int, int, char const*, unsigned char, unsigned long)
 .text._Z11lcdDrawTextiiPKcm
                0x0000000008006104       0x10 CMakeFiles/bootloader.dir/__/__/__/__/__/gui/common/stdlcd/lcd_1bit.cpp.o
                0x0000000008006104                lcdDrawText(int, int, char const*, unsigned long)
 .text._Z11lcdDrawTextiiPKc
                0x0000000008006114        0x6 CMakeFiles/bootloader.dir/__/__/__/__/__/gui/common/stdlcd/lcd_1bit.cpp.o
                0x0000000008006114                lcdDrawText(int, int, char const*)
 .text._Z22lcdDrawTextAlignedLeftiPKc
                0x000000000800611a        0xa CMakeFiles/bootloader.dir/__/__/__/__/__/gui/common/stdlcd/lcd_1bit.cpp.o
                0x000000000800611a                lcdDrawTextAlignedLeft(int, char const*)
 .text._Z13lcdInvertLinea
                0x0000000008006124       0x24 CMakeFiles/bootloader.dir/__/__/__/__/__/gui/common/stdlcd/lcd_1bit.cpp.o
                0x0000000008006124                lcdInvertLine(signed char)
 .text._Z21lcdDrawHorizontalLineiiihm
                0x0000000008006148       0x60 CMakeFiles/bootloader.dir/__/__/__/__/__/gui/common/stdlcd/lcd_1bit.cpp.o
                0x0000000008006148                lcdDrawHorizontalLine(int, int, int, unsigned char, unsigned long)
 .text._Z26lcdDrawSolidHorizontalLineiiim
                0x00000000080061a8       0x10 CMakeFiles/bootloader.dir/__/__/__/__/__/gui/common/stdlcd/lcd_1bit.cpp.o
                0x00000000080061a8                lcdDrawSolidHorizontalLine(int, int, int, unsigned long)
 .text._Z11lcdDrawRectiiiihm
                0x00000000080061b8       0x64 CMakeFiles/bootloader.dir/__/__/__/__/__/gui/common/stdlcd/lcd_1bit.cpp.o
                0x00000000080061b8                lcdDrawRect(int, int, int, int, unsigned char, unsigned long)
 .text._Z17rotaryEncoderInitv
                0x000000000800621c       0xb0 CMakeFiles/bootloader.dir/__/rotary_encoder_driver.cpp.o
                0x000000000800621c                rotaryEncoderInit()
 .text._Z18rotaryEncoderCheckv
                0x00000000080062cc       0x4c CMakeFiles/bootloader.dir/__/rotary_encoder_driver.cpp.o
                0x00000000080062cc                rotaryEncoderCheck()
 .text.EXTI9_5_IRQHandler
                0x0000000008006318       0x24 CMakeFiles/bootloader.dir/__/rotary_encoder_driver.cpp.o
                0x0000000008006318                EXTI9_5_IRQHandler
 .text.EXTI15_10_IRQHandler
                0x000000000800633c       0x24 CMakeFiles/bootloader.dir/__/rotary_encoder_driver.cpp.o
                0x000000000800633c                EXTI15_10_IRQHandler
 .text.TIM5_IRQHandler
                0x0000000008006360       0x1c CMakeFiles/bootloader.dir/__/rotary_encoder_driver.cpp.o
                0x0000000008006360                TIM5_IRQHandler
 .text._Z13bluetoothInitmb
                0x000000000800637c       0x30 CMakeFiles/bootloader.dir/__/bluetooth_driver.cpp.o
                0x000000000800637c                bluetoothInit(unsigned long, bool)
 .text._Z7i2cInitv
                0x00000000080063ac       0x90 CMakeFiles/bootloader.dir/__/__/__/__/taranis/i2c_driver.cpp.o
                0x00000000080063ac                i2cInit()
 .text._Z13I2C_WaitEventm
                0x000000000800643c       0x24 CMakeFiles/bootloader.dir/__/__/__/__/taranis/i2c_driver.cpp.o
                0x000000000800643c                I2C_WaitEvent(unsigned long)
 .text._Z20I2C_WaitEventClearedm
                0x0000000008006460       0x24 CMakeFiles/bootloader.dir/__/__/__/__/taranis/i2c_driver.cpp.o
                0x0000000008006460                I2C_WaitEventCleared(unsigned long)
 .text._Z16I2C_EE_ReadBlockPhtt
                0x0000000008006484       0xf0 CMakeFiles/bootloader.dir/__/__/__/__/taranis/i2c_driver.cpp.o
                0x0000000008006484                I2C_EE_ReadBlock(unsigned char*, unsigned short, unsigned short)
 .text._Z15eepromReadBlockPhjj
                0x0000000008006574       0x1c CMakeFiles/bootloader.dir/__/__/__/__/taranis/i2c_driver.cpp.o
                0x0000000008006574                eepromReadBlock(unsigned char*, unsigned int, unsigned int)
 .text._Z16I2C_EE_PageWritePhth
                0x0000000008006590       0xb0 CMakeFiles/bootloader.dir/__/__/__/__/taranis/i2c_driver.cpp.o
                0x0000000008006590                I2C_EE_PageWrite(unsigned char*, unsigned short, unsigned char)
 .text._Z15eepromPageWritePhth
                0x0000000008006640       0x1c CMakeFiles/bootloader.dir/__/__/__/__/taranis/i2c_driver.cpp.o
                0x0000000008006640                eepromPageWrite(unsigned char*, unsigned short, unsigned char)
 .text._Z29I2C_EE_WaitEepromStandbyStatev
                0x000000000800665c       0x48 CMakeFiles/bootloader.dir/__/__/__/__/taranis/i2c_driver.cpp.o
                0x000000000800665c                I2C_EE_WaitEepromStandbyState()
 .text._Z28eepromWaitEepromStandbyStatev
                0x00000000080066a4       0x10 CMakeFiles/bootloader.dir/__/__/__/__/taranis/i2c_driver.cpp.o
                0x00000000080066a4                eepromWaitEepromStandbyState()
 .text._Z16eepromWriteBlockPhjj
                0x00000000080066b4       0x3c CMakeFiles/bootloader.dir/__/__/__/__/taranis/i2c_driver.cpp.o
                0x00000000080066b4                eepromWriteBlock(unsigned char*, unsigned int, unsigned int)
 *(.rodata)
 *(.rodata*)
 .rodata.APBAHBPrescTable
                0x00000000080066f0       0x10 CMakeFiles/bootloader.dir/__/__/__/__/__/thirdparty/STM32F2xx_StdPeriph_Lib_V1.1.0/Libraries/STM32F2xx_StdPeriph_Driver/src/stm32f2xx_rcc.c.o
 .rodata.font_5x7
                0x0000000008006700      0x1e0 CMakeFiles/bootloader.dir/__/__/__/__/__/gui/128x64/fonts.cpp.o
                0x0000000008006700                font_5x7
 .rodata._Z18getFirmwareVersionPKc.str1.1
                0x00000000080068e0       0x19 CMakeFiles/bootloader.dir/__/__/__/__/__/stamp.cpp.o
 .rodata.CSWTCH.23
                0x00000000080068f9        0x4 CMakeFiles/bootloader.dir/__/__/__/__/__/thirdparty/STM32_USB-Host-Device_Lib_V2.2.0/Libraries/STM32_USB_OTG_Driver/src/usb_core.c.o
 *fill*         0x00000000080068fd        0x3 
 .rodata.USBD_DCD_INT_cb
                0x0000000008006900       0x2c CMakeFiles/bootloader.dir/__/__/__/__/__/thirdparty/STM32_USB-Host-Device_Lib_V2.2.0/Libraries/STM32_USB_Device_Library/Core/src/usbd_core.c.o
                0x0000000008006900                USBD_DCD_INT_cb
 .rodata.USBD_DCD_INT_fops
                0x000000000800692c        0x4 CMakeFiles/bootloader.dir/__/__/__/__/__/thirdparty/STM32_USB-Host-Device_Lib_V2.2.0/Libraries/STM32_USB_Device_Library/Core/src/usbd_core.c.o
                0x000000000800692c                USBD_DCD_INT_fops
 .rodata.USBD_default_cfg
                0x0000000008006930        0x4 CMakeFiles/bootloader.dir/__/__/__/__/__/thirdparty/STM32_USB-Host-Device_Lib_V2.2.0/Libraries/STM32_USB_Device_Library/Core/src/usbd_req.c.o
                0x0000000008006930                USBD_default_cfg
 .rodata.MSC_Mode_Sense10_data
                0x0000000008006934        0x8 CMakeFiles/bootloader.dir/__/__/__/__/__/thirdparty/STM32_USB-Host-Device_Lib_V2.2.0/Libraries/STM32_USB_Device_Library/Class/msc/src/usbd_msc_data.c.o
                0x0000000008006934                MSC_Mode_Sense10_data
 .rodata.MSC_Mode_Sense6_data
                0x000000000800693c        0x8 CMakeFiles/bootloader.dir/__/__/__/__/__/thirdparty/STM32_USB-Host-Device_Lib_V2.2.0/Libraries/STM32_USB_Device_Library/Class/msc/src/usbd_msc_data.c.o
                0x000000000800693c                MSC_Mode_Sense6_data
 .rodata.MSC_Page00_Inquiry_Data
                0x0000000008006944        0x7 CMakeFiles/bootloader.dir/__/__/__/__/__/thirdparty/STM32_USB-Host-Device_Lib_V2.2.0/Libraries/STM32_USB_Device_Library/Class/msc/src/usbd_msc_data.c.o
                0x0000000008006944                MSC_Page00_Inquiry_Data
 .rodata.USBD_MSC_CfgDesc
                0x000000000800694b       0x20 CMakeFiles/bootloader.dir/__/__/__/__/__/thirdparty/STM32_USB-Host-Device_Lib_V2.2.0/Libraries/STM32_USB_Device_Library/Class/msc/src/usbd_msc_core.c.o
                0x000000000800694b                USBD_MSC_CfgDesc
 *fill*         0x000000000800696b        0x1 
 .rodata.USBD_MSC_cb
                0x000000000800696c       0x2c CMakeFiles/bootloader.dir/__/__/__/__/__/thirdparty/STM32_USB-Host-Device_Lib_V2.2.0/Libraries/STM32_USB_Device_Library/Class/msc/src/usbd_msc_core.c.o
                0x000000000800696c                USBD_MSC_cb
 .rodata.follow_path.str1.1
                0x0000000008006998       0x10 CMakeFiles/bootloader.dir/__/__/__/__/__/thirdparty/FatFs/ff.c.o
 .rodata.ExCvt  0x00000000080069a8       0x80 CMakeFiles/bootloader.dir/__/__/__/__/__/thirdparty/FatFs/ff.c.o
 .rodata.LfnOfs
                0x0000000008006a28        0xd CMakeFiles/bootloader.dir/__/__/__/__/__/thirdparty/FatFs/ff.c.o
 *fill*         0x0000000008006a35        0x1 
 .rodata.Tbl    0x0000000008006a36      0x100 CMakeFiles/bootloader.dir/__/__/__/__/__/thirdparty/FatFs/option/ccsbcs.c.o
 .rodata.cvt1.4672
                0x0000000008006b36      0x1f2 CMakeFiles/bootloader.dir/__/__/__/__/__/thirdparty/FatFs/option/ccsbcs.c.o
 .rodata.cvt2.4673
                0x0000000008006d28       0xbc CMakeFiles/bootloader.dir/__/__/__/__/__/thirdparty/FatFs/option/ccsbcs.c.o
 .rodata._Z6sdInitv.str1.1
                0x0000000008006de4        0x2 CMakeFiles/bootloader.dir/__/__/__/__/taranis/diskio.cpp.o
                                          0x3 (size before relaxing)
 .rodata._Z20bootloaderDrawScreen15BootloaderStateiPKc.str1.1
                0x0000000008006de6      0x10b CMakeFiles/bootloader.dir/__/__/__/__/taranis/bootloader/boot_menu.cpp.o
                                        0x113 (size before relaxing)
 *fill*         0x0000000008006ef1        0x3 
 .rodata.USR_cb
                0x0000000008006ef4       0x1c CMakeFiles/bootloader.dir/__/usbd_usr.cpp.o
                0x0000000008006ef4                USR_cb
 .rodata.fat12Read.str1.1
                0x0000000008006f10       0x91 CMakeFiles/bootloader.dir/__/usbd_storage_msd.cpp.o
 *fill*         0x0000000008006fa1        0x3 
 .rodata.USBD_STORAGE_fops
                0x0000000008006fa4        0x4 CMakeFiles/bootloader.dir/__/usbd_storage_msd.cpp.o
                0x0000000008006fa4                USBD_STORAGE_fops
 .rodata._ZL19STORAGE_Inquirydata
                0x0000000008006fa8       0x48 CMakeFiles/bootloader.dir/__/usbd_storage_msd.cpp.o
 .rodata._ZL20USBD_MICRO_SDIO_fops
                0x0000000008006ff0       0x20 CMakeFiles/bootloader.dir/__/usbd_storage_msd.cpp.o
 .rodata._ZL9g_FATboot
                0x0000000008007010      0x200 CMakeFiles/bootloader.dir/__/usbd_storage_msd.cpp.o
 .rodata.USBD_USR_LangIDStrDescriptor.str1.1
                0x0000000008007210        0x5 CMakeFiles/bootloader.dir/__/usbd_desc.c.o
 .rodata.USBD_USR_ManufacturerStrDescriptor.str1.1
                0x0000000008007215        0x7 CMakeFiles/bootloader.dir/__/usbd_desc.c.o
 .rodata.USBD_USR_SerialStrDescriptor.str1.1
                0x000000000800721c        0xd CMakeFiles/bootloader.dir/__/usbd_desc.c.o
 .rodata.USBD_USR_ProductStrDescriptor.str1.1
                0x0000000008007229       0x4a CMakeFiles/bootloader.dir/__/usbd_desc.c.o
 .rodata.USBD_USR_ConfigStrDescriptor.str1.1
                0x0000000008007273       0x21 CMakeFiles/bootloader.dir/__/usbd_desc.c.o
 .rodata.USBD_USR_InterfaceStrDescriptor.str1.1
                0x0000000008007294       0x2a CMakeFiles/bootloader.dir/__/usbd_desc.c.o
 .rodata.CSWTCH.1
                0x00000000080072be        0x6 CMakeFiles/bootloader.dir/__/usbd_desc.c.o
 .rodata.CSWTCH.2
                0x00000000080072c4        0x6 CMakeFiles/bootloader.dir/__/usbd_desc.c.o
 *fill*         0x00000000080072ca        0x2 
 .rodata.USR_desc
                0x00000000080072cc       0x1c CMakeFiles/bootloader.dir/__/usbd_desc.c.o
                0x00000000080072cc                USR_desc
 .rodata._Z10openBinDir10MemoryType.str1.1
                0x00000000080072e8       0x2a CMakeFiles/bootloader.dir/bin_files.cpp.o
                                         0x14 (size before relaxing)
 .rodata._Z11openBinFile10MemoryTypej.str1.1
                0x00000000080072e8        0x2 CMakeFiles/bootloader.dir/bin_files.cpp.o
 *(.glue_7)
 .glue_7        0x00000000080072e8        0x0 linker stubs
 *(.glue_7t)
 .glue_7t       0x00000000080072e8        0x0 linker stubs
 *(.eh_frame)
 *(.init)
 *(.fini)
                0x0000000008007314                . = ALIGN (0x4)
                0x00000000080072e8                _etext = .

.vfp11_veneer   0x00000000080072e8        0x0
 .vfp11_veneer  0x00000000080072e8        0x0 linker stubs

.v4_bx          0x00000000080072e8        0x0
 .v4_bx         0x00000000080072e8        0x0 linker stubs

.iplt           0x00000000080072e8        0x0
 .iplt          0x00000000080072e8        0x0 CMakeFiles/bootloader.dir/__/f2/system_stm32f2xx.c.o

.rel.dyn        0x00000000080072e8        0x0
 .rel.iplt      0x00000000080072e8        0x0 CMakeFiles/bootloader.dir/__/f2/system_stm32f2xx.c.o

.ARM.extab
 *(.ARM.extab* .gnu.linkonce.armextab.*)

.ARM            0x00000000080072e8        0x0
                0x00000000080072e8                __exidx_start = .
 *(.ARM.exidx*)
                0x00000000080072e8                __exidx_end = .

.preinit_array  0x00000000080072e8        0x0
                0x00000000080072e8                PROVIDE (__preinit_array_start = .)
 *(.preinit_array*)
                0x00000000080072e8                PROVIDE (__preinit_array_end = .)

.init_array     0x00000000080072e8        0x4
                0x00000000080072e8                PROVIDE (__init_array_start = .)
 *(SORT_BY_NAME(.init_array.*))
 *(.init_array*)
 .init_array    0x00000000080072e8        0x4 CMakeFiles/bootloader.dir/__/usbd_storage_msd.cpp.o
                0x00000000080072ec                PROVIDE (__init_array_end = .)

.fini_array     0x00000000080072ec        0x0
                [!provide]                        PROVIDE (__fini_array_start = .)
 *(.fini_array*)
 *(SORT_BY_NAME(.fini_array.*))
                [!provide]                        PROVIDE (__fini_array_end = .)
                0x00000000080072ec                _sidata = .

.data           0x0000000020000000       0x90 load address 0x00000000080072ec
                0x0000000020000000                . = ALIGN (0x4)
                0x0000000020000000                _sdata = .
 *(.data)
 *(.data*)
 .data._ZL4Stat
                0x0000000020000000        0x1 CMakeFiles/bootloader.dir/__/__/__/__/taranis/diskio.cpp.o
 *fill*         0x0000000020000001        0x3 
 .data._ZL9g_DIRroot
                0x0000000020000004       0x80 CMakeFiles/bootloader.dir/__/usbd_storage_msd.cpp.o
 .data.selectedUsbMode
                0x0000000020000084        0x1 CMakeFiles/bootloader.dir/__/usb_driver.cpp.o
                0x0000000020000084                selectedUsbMode
 *fill*         0x0000000020000085        0x3 
 .data.firmwareAddress
                0x0000000020000088        0x4 CMakeFiles/bootloader.dir/boot.cpp.o
                0x0000000020000088                firmwareAddress
 .data.tenms    0x000000002000008c        0x1 CMakeFiles/bootloader.dir/boot.cpp.o
                0x000000002000008c                tenms
                0x0000000020000090                . = ALIGN (0x4)
 *fill*         0x000000002000008d        0x3 
                0x0000000020000090                _edata = .

.igot.plt       0x0000000020000090        0x0 load address 0x000000000800737c
 .igot.plt      0x0000000020000090        0x0 CMakeFiles/bootloader.dir/__/f2/system_stm32f2xx.c.o
                0x0000000020000090                . = ALIGN (0x4)

.bss            0x0000000020000090     0x36e4 load address 0x000000000800737c
                0x0000000020000090                _sbss = .
                0x0000000020000090                __bss_start__ = _sbss
 *(.bss)
 *(.bss*)
 .bss.inactivity
                0x0000000020000090        0x4 CMakeFiles/bootloader.dir/__/__/__/__/__/keys.cpp.o
                0x0000000020000090                inactivity
 .bss.keys      0x0000000020000094       0x2a CMakeFiles/bootloader.dir/__/__/__/__/__/keys.cpp.o
                0x0000000020000094                keys
 .bss.s_evt     0x00000000200000be        0x2 CMakeFiles/bootloader.dir/__/__/__/__/__/keys.cpp.o
                0x00000000200000be                s_evt
 .bss.USBD_cfg_status
                0x00000000200000c0        0x4 CMakeFiles/bootloader.dir/__/__/__/__/__/thirdparty/STM32_USB-Host-Device_Lib_V2.2.0/Libraries/STM32_USB_Device_Library/Core/src/usbd_req.c.o
                0x00000000200000c0                USBD_cfg_status
 .bss.USBD_ep_status
                0x00000000200000c4        0x4 CMakeFiles/bootloader.dir/__/__/__/__/__/thirdparty/STM32_USB-Host-Device_Lib_V2.2.0/Libraries/STM32_USB_Device_Library/Core/src/usbd_req.c.o
                0x00000000200000c4                USBD_ep_status
 .bss.cfgidx.6369
                0x00000000200000c8        0x1 CMakeFiles/bootloader.dir/__/__/__/__/__/thirdparty/STM32_USB-Host-Device_Lib_V2.2.0/Libraries/STM32_USB_Device_Library/Core/src/usbd_req.c.o
 .bss.USBD_MSC_AltSet
                0x00000000200000c9        0x1 CMakeFiles/bootloader.dir/__/__/__/__/__/thirdparty/STM32_USB-Host-Device_Lib_V2.2.0/Libraries/STM32_USB_Device_Library/Class/msc/src/usbd_msc_core.c.o
 *fill*         0x00000000200000ca        0x2 
 .bss.FatFs     0x00000000200000cc        0x4 CMakeFiles/bootloader.dir/__/__/__/__/__/thirdparty/FatFs/ff.c.o
 .bss.Fsid      0x00000000200000d0        0x2 CMakeFiles/bootloader.dir/__/__/__/__/__/thirdparty/FatFs/ff.c.o
 .bss.lcdInitFinished
                0x00000000200000d2        0x1 CMakeFiles/bootloader.dir/__/__/__/__/taranis/lcd_driver_spi.cpp.o
                0x00000000200000d2                lcdInitFinished
 .bss.lcd_busy  0x00000000200000d3        0x1 CMakeFiles/bootloader.dir/__/__/__/__/taranis/lcd_driver_spi.cpp.o
                0x00000000200000d3                lcd_busy
 .bss.CardType  0x00000000200000d4        0x1 CMakeFiles/bootloader.dir/__/__/__/__/taranis/diskio.cpp.o
                0x00000000200000d4                CardType
 *fill*         0x00000000200000d5        0x3 
 .bss._ZL6Timer1
                0x00000000200000d8        0x4 CMakeFiles/bootloader.dir/__/__/__/__/taranis/diskio.cpp.o
 .bss._ZL6Timer2
                0x00000000200000dc        0x4 CMakeFiles/bootloader.dir/__/__/__/__/taranis/diskio.cpp.o
 .bss._ZZ10sdPoll10msvE2pv
                0x00000000200000e0        0x4 CMakeFiles/bootloader.dir/__/__/__/__/taranis/diskio.cpp.o
 .bss.g_FATFS_Obj
                0x00000000200000e4      0x230 CMakeFiles/bootloader.dir/__/__/__/__/taranis/diskio.cpp.o
                0x00000000200000e4                g_FATFS_Obj
 .bss.hardwareOptions
                0x0000000020000314        0x1 CMakeFiles/bootloader.dir/__/__/__/__/taranis/board.cpp.o
                0x0000000020000314                hardwareOptions
 .bss._ZZ10fat12WriteE9operation
                0x0000000020000315        0x1 CMakeFiles/bootloader.dir/__/usbd_storage_msd.cpp.o
 *fill*         0x0000000020000316        0x2 
 .bss._ZZ19STORAGE_GetCapacityE12sector_count
                0x0000000020000318        0x4 CMakeFiles/bootloader.dir/__/usbd_storage_msd.cpp.o
 .bss.lunReady  0x000000002000031c        0x2 CMakeFiles/bootloader.dir/__/usbd_storage_msd.cpp.o
                0x000000002000031c                lunReady
 *fill*         0x000000002000031e        0x2 
 .bss.USB_OTG_dev
                0x0000000020000320      0x5f4 CMakeFiles/bootloader.dir/__/usb_driver.cpp.o
                0x0000000020000320                USB_OTG_dev
 .bss._ZL16usbDriverStarted
                0x0000000020000914        0x1 CMakeFiles/bootloader.dir/__/usb_driver.cpp.o
 .bss._ZZ10usbPluggedE8debounce
                0x0000000020000915        0x2 CMakeFiles/bootloader.dir/__/usb_driver.cpp.o
 *fill*         0x0000000020000917        0x1 
 .bss._ZL12PowerUpDelay
                0x0000000020000918        0x4 CMakeFiles/bootloader.dir/boot.cpp.o
 .bss._ZZ13interrupt10msvE15rePreviousValue
                0x000000002000091c        0x4 CMakeFiles/bootloader.dir/boot.cpp.o
 .bss.eepromAddress
                0x0000000020000920        0x4 CMakeFiles/bootloader.dir/boot.cpp.o
                0x0000000020000920                eepromAddress
 .bss.eepromWritten
                0x0000000020000924        0x4 CMakeFiles/bootloader.dir/boot.cpp.o